Archive member included to satisfy reference by file (symbol)

c:/Users/bulli/AppData/Roaming/Code/User/globalStorage/bmd.stm32-for-vscode/@xpack-dev-tools/arm-none-eabi-gcc/15.2.1-1.1.1/.content/bin/../lib/gcc/arm-none-eabi/15.2.1/../../../../arm-none-eabi/lib/thumb/v7e-m+fp/hard\libc_nano.a(libc_a-atexit.o)
                              c:/Users/bulli/AppData/Roaming/Code/User/globalStorage/bmd.stm32-for-vscode/@xpack-dev-tools/arm-none-eabi-gcc/15.2.1-1.1.1/.content/bin/../lib/gcc/arm-none-eabi/15.2.1/../../../../arm-none-eabi/lib/thumb/v7e-m+fp/hard/crt0.o (atexit)
c:/Users/bulli/AppData/Roaming/Code/User/globalStorage/bmd.stm32-for-vscode/@xpack-dev-tools/arm-none-eabi-gcc/15.2.1-1.1.1/.content/bin/../lib/gcc/arm-none-eabi/15.2.1/../../../../arm-none-eabi/lib/thumb/v7e-m+fp/hard\libc_nano.a(libc_a-exit.o)
                              c:/Users/bulli/AppData/Roaming/Code/User/globalStorage/bmd.stm32-for-vscode/@xpack-dev-tools/arm-none-eabi-gcc/15.2.1-1.1.1/.content/bin/../lib/gcc/arm-none-eabi/15.2.1/../../../../arm-none-eabi/lib/thumb/v7e-m+fp/hard/crt0.o (exit)
c:/Users/bulli/AppData/Roaming/Code/User/globalStorage/bmd.stm32-for-vscode/@xpack-dev-tools/arm-none-eabi-gcc/15.2.1-1.1.1/.content/bin/../lib/gcc/arm-none-eabi/15.2.1/../../../../arm-none-eabi/lib/thumb/v7e-m+fp/hard\libc_nano.a(libc_a-findfp.o)
                              c:/Users/bulli/AppData/Roaming/Code/User/globalStorage/bmd.stm32-for-vscode/@xpack-dev-tools/arm-none-eabi-gcc/15.2.1-1.1.1/.content/bin/../lib/gcc/arm-none-eabi/15.2.1/../../../../arm-none-eabi/lib/thumb/v7e-m+fp/hard\libc_nano.a(libc_a-exit.o) (__stdio_exit_handler)
c:/Users/bulli/AppData/Roaming/Code/User/globalStorage/bmd.stm32-for-vscode/@xpack-dev-tools/arm-none-eabi-gcc/15.2.1-1.1.1/.content/bin/../lib/gcc/arm-none-eabi/15.2.1/../../../../arm-none-eabi/lib/thumb/v7e-m+fp/hard\libc_nano.a(libc_a-fwalk.o)
                              c:/Users/bulli/AppData/Roaming/Code/User/globalStorage/bmd.stm32-for-vscode/@xpack-dev-tools/arm-none-eabi-gcc/15.2.1-1.1.1/.content/bin/../lib/gcc/arm-none-eabi/15.2.1/../../../../arm-none-eabi/lib/thumb/v7e-m+fp/hard\libc_nano.a(libc_a-findfp.o) (_fwalk_sglue)
c:/Users/bulli/AppData/Roaming/Code/User/globalStorage/bmd.stm32-for-vscode/@xpack-dev-tools/arm-none-eabi-gcc/15.2.1-1.1.1/.content/bin/../lib/gcc/arm-none-eabi/15.2.1/../../../../arm-none-eabi/lib/thumb/v7e-m+fp/hard\libc_nano.a(libc_a-stdio.o)
                              c:/Users/bulli/AppData/Roaming/Code/User/globalStorage/bmd.stm32-for-vscode/@xpack-dev-tools/arm-none-eabi-gcc/15.2.1-1.1.1/.content/bin/../lib/gcc/arm-none-eabi/15.2.1/../../../../arm-none-eabi/lib/thumb/v7e-m+fp/hard\libc_nano.a(libc_a-findfp.o) (__sread)
c:/Users/bulli/AppData/Roaming/Code/User/globalStorage/bmd.stm32-for-vscode/@xpack-dev-tools/arm-none-eabi-gcc/15.2.1-1.1.1/.content/bin/../lib/gcc/arm-none-eabi/15.2.1/../../../../arm-none-eabi/lib/thumb/v7e-m+fp/hard\libc_nano.a(libc_a-memset.o)
                              c:/Users/bulli/AppData/Roaming/Code/User/globalStorage/bmd.stm32-for-vscode/@xpack-dev-tools/arm-none-eabi-gcc/15.2.1-1.1.1/.content/bin/../lib/gcc/arm-none-eabi/15.2.1/../../../../arm-none-eabi/lib/thumb/v7e-m+fp/hard/crt0.o (memset)
c:/Users/bulli/AppData/Roaming/Code/User/globalStorage/bmd.stm32-for-vscode/@xpack-dev-tools/arm-none-eabi-gcc/15.2.1-1.1.1/.content/bin/../lib/gcc/arm-none-eabi/15.2.1/../../../../arm-none-eabi/lib/thumb/v7e-m+fp/hard\libc_nano.a(libc_a-closer.o)
                              c:/Users/bulli/AppData/Roaming/Code/User/globalStorage/bmd.stm32-for-vscode/@xpack-dev-tools/arm-none-eabi-gcc/15.2.1-1.1.1/.content/bin/../lib/gcc/arm-none-eabi/15.2.1/../../../../arm-none-eabi/lib/thumb/v7e-m+fp/hard\libc_nano.a(libc_a-stdio.o) (_close_r)
c:/Users/bulli/AppData/Roaming/Code/User/globalStorage/bmd.stm32-for-vscode/@xpack-dev-tools/arm-none-eabi-gcc/15.2.1-1.1.1/.content/bin/../lib/gcc/arm-none-eabi/15.2.1/../../../../arm-none-eabi/lib/thumb/v7e-m+fp/hard\libc_nano.a(libc_a-reent.o)
                              c:/Users/bulli/AppData/Roaming/Code/User/globalStorage/bmd.stm32-for-vscode/@xpack-dev-tools/arm-none-eabi-gcc/15.2.1-1.1.1/.content/bin/../lib/gcc/arm-none-eabi/15.2.1/../../../../arm-none-eabi/lib/thumb/v7e-m+fp/hard\libc_nano.a(libc_a-closer.o) (errno)
c:/Users/bulli/AppData/Roaming/Code/User/globalStorage/bmd.stm32-for-vscode/@xpack-dev-tools/arm-none-eabi-gcc/15.2.1-1.1.1/.content/bin/../lib/gcc/arm-none-eabi/15.2.1/../../../../arm-none-eabi/lib/thumb/v7e-m+fp/hard\libc_nano.a(libc_a-impure.o)
                              c:/Users/bulli/AppData/Roaming/Code/User/globalStorage/bmd.stm32-for-vscode/@xpack-dev-tools/arm-none-eabi-gcc/15.2.1-1.1.1/.content/bin/../lib/gcc/arm-none-eabi/15.2.1/../../../../arm-none-eabi/lib/thumb/v7e-m+fp/hard\libc_nano.a(libc_a-reent.o) (_impure_ptr)
[...]
Memory Configuration

Name             Origin             Length             Attributes
RAM              0x20000000         0x00018000         xrw
FLASH            0x08000000         0x00080000         xr
*default*        0x00000000         0xffffffff

Linker script and memory map

LOAD c:/Users/bulli/AppData/Roaming/Code/User/globalStorage/bmd.stm32-for-vscode/@xpack-dev-tools/arm-none-eabi-gcc/15.2.1-1.1.1/.content/bin/../lib/gcc/arm-none-eabi/15.2.1/thumb/v7e-m+fp/hard/crti.o
LOAD c:/Users/bulli/AppData/Roaming/Code/User/globalStorage/bmd.stm32-for-vscode/@xpack-dev-tools/arm-none-eabi-gcc/15.2.1-1.1.1/.content/bin/../lib/gcc/arm-none-eabi/15.2.1/thumb/v7e-m+fp/hard/crtbegin.o
LOAD c:/Users/bulli/AppData/Roaming/Code/User/globalStorage/bmd.stm32-for-vscode/@xpack-dev-tools/arm-none-eabi-gcc/15.2.1-1.1.1/.content/bin/../lib/gcc/arm-none-eabi/15.2.1/../../../../arm-none-eabi/lib/thumb/v7e-m+fp/hard/crt0.o
LOAD build/debug/main.o
LOAD build/debug/stm32f4xx_hal.o
LOAD build/debug/stm32f4xx_hal_cortex.o
LOAD build/debug/stm32f4xx_hal_dma.o
LOAD build/debug/stm32f4xx_hal_dma_ex.o
LOAD build/debug/stm32f4xx_hal_exti.o
LOAD build/debug/stm32f4xx_hal_flash.o
LOAD build/debug/stm32f4xx_hal_flash_ex.o
LOAD build/debug/stm32f4xx_hal_flash_ramfunc.o
LOAD build/debug/stm32f4xx_hal_gpio.o
LOAD build/debug/stm32f4xx_hal_msp.o
LOAD build/debug/stm32f4xx_hal_pwr.o
LOAD build/debug/stm32f4xx_hal_pwr_ex.o
LOAD build/debug/stm32f4xx_hal_rcc.o
LOAD build/debug/stm32f4xx_hal_rcc_ex.o
LOAD build/debug/stm32f4xx_hal_tim.o
LOAD build/debug/stm32f4xx_hal_tim_ex.o
LOAD build/debug/stm32f4xx_hal_uart.o
LOAD build/debug/stm32f4xx_it.o
LOAD build/debug/syscalls.o
LOAD build/debug/sysmem.o
LOAD build/debug/system_stm32f4xx.o
LOAD build/debug/startup_stm32f401xe.o
LOAD c:/Users/bulli/AppData/Roaming/Code/User/globalStorage/bmd.stm32-for-vscode/@xpack-dev-tools/arm-none-eabi-gcc/15.2.1-1.1.1/.content/bin/../lib/gcc/arm-none-eabi/15.2.1/../../../../arm-none-eabi/lib/thumb/v7e-m+fp/hard\libc_nano.a
LOAD c:/Users/bulli/AppData/Roaming/Code/User/globalStorage/bmd.stm32-for-vscode/@xpack-dev-tools/arm-none-eabi-gcc/15.2.1-1.1.1/.content/bin/../lib/gcc/arm-none-eabi/15.2.1/../../../../arm-none-eabi/lib/thumb/v7e-m+fp/hard\libm.a
LOAD c:/Users/bulli/AppData/Roaming/Code/User/globalStorage/bmd.stm32-for-vscode/@xpack-dev-tools/arm-none-eabi-gcc/15.2.1-1.1.1/.content/bin/../lib/gcc/arm-none-eabi/15.2.1/../../../../arm-none-eabi/lib/thumb/v7e-m+fp/hard\libnosys.a
START GROUP
LOAD c:/Users/bulli/AppData/Roaming/Code/User/globalStorage/bmd.stm32-for-vscode/@xpack-dev-tools/arm-none-eabi-gcc/15.2.1-1.1.1/.content/bin/../lib/gcc/arm-none-eabi/15.2.1/thumb/v7e-m+fp/hard\libgcc.a
LOAD c:/Users/bulli/AppData/Roaming/Code/User/globalStorage/bmd.stm32-for-vscode/@xpack-dev-tools/arm-none-eabi-gcc/15.2.1-1.1.1/.content/bin/../lib/gcc/arm-none-eabi/15.2.1/../../../../arm-none-eabi/lib/thumb/v7e-m+fp/hard\libc_nano.a
END GROUP
START GROUP
LOAD c:/Users/bulli/AppData/Roaming/Code/User/globalStorage/bmd.stm32-for-vscode/@xpack-dev-tools/arm-none-eabi-gcc/15.2.1-1.1.1/.content/bin/../lib/gcc/arm-none-eabi/15.2.1/thumb/v7e-m+fp/hard\libgcc.a
LOAD c:/Users/bulli/AppData/Roaming/Code/User/globalStorage/bmd.stm32-for-vscode/@xpack-dev-tools/arm-none-eabi-gcc/15.2.1-1.1.1/.content/bin/../lib/gcc/arm-none-eabi/15.2.1/../../../../arm-none-eabi/lib/thumb/v7e-m+fp/hard\libc_nano.a
END GROUP
LOAD c:/Users/bulli/AppData/Roaming/Code/User/globalStorage/bmd.stm32-for-vscode/@xpack-dev-tools/arm-none-eabi-gcc/15.2.1-1.1.1/.content/bin/../lib/gcc/arm-none-eabi/15.2.1/thumb/v7e-m+fp/hard/crtend.o
LOAD c:/Users/bulli/AppData/Roaming/Code/User/globalStorage/bmd.stm32-for-vscode/@xpack-dev-tools/arm-none-eabi-gcc/15.2.1-1.1.1/.content/bin/../lib/gcc/arm-none-eabi/15.2.1/thumb/v7e-m+fp/hard/crtn.o
                0x20018000                        _estack = (ORIGIN (RAM) + LENGTH (RAM))
                0x20017c00                        _sstack = (_estack - _Min_Stack_Size)
                0x00000200                        _Min_Heap_Size = 0x200
                0x00000400                        _Min_Stack_Size = 0x400

.isr_vector     0x08000000      0x194
                0x08000000                        . = ALIGN (0x4)
 *(.isr_vector)
 .isr_vector    0x08000000      0x194 build/debug/startup_stm32f401xe.o
                0x08000000                g_pfnVectors
                0x08000194                        . = ALIGN (0x4)

.text           0x08000194     0x22d0
                0x08000194                        . = ALIGN (0x4)
 *(.text)
 .text          0x08000194       0x30 c:/Users/bulli/AppData/Roaming/Code/User/globalStorage/bmd.stm32-for-vscode/@xpack-dev-tools/arm-none-eabi-gcc/15.2.1-1.1.1/.content/bin/../lib/gcc/arm-none-eabi/15.2.1/thumb/v7e-m+fp/hard\libgcc.a(_aeabi_uldivmod.o)
                0x08000194                __aeabi_uldivmod
 .text          0x080001c4        0x4 c:/Users/bulli/AppData/Roaming/Code/User/globalStorage/bmd.stm32-for-vscode/@xpack-dev-tools/arm-none-eabi-gcc/15.2.1-1.1.1/.content/bin/../lib/gcc/arm-none-eabi/15.2.1/thumb/v7e-m+fp/hard\libgcc.a(_dvmd_tls.o)
                0x080001c4                __aeabi_idiv0
                0x080001c4                __aeabi_ldiv0
 *(.text*)
 .text.__do_global_dtors_aux
                0x080001c8       0x28 c:/Users/bulli/AppData/Roaming/Code/User/globalStorage/bmd.stm32-for-vscode/@xpack-dev-tools/arm-none-eabi-gcc/15.2.1-1.1.1/.content/bin/../lib/gcc/arm-none-eabi/15.2.1/thumb/v7e-m+fp/hard/crtbegin.o
 .text.frame_dummy
                0x080001f0       0x1c c:/Users/bulli/AppData/Roaming/Code/User/globalStorage/bmd.stm32-for-vscode/@xpack-dev-tools/arm-none-eabi-gcc/15.2.1-1.1.1/.content/bin/../lib/gcc/arm-none-eabi/15.2.1/thumb/v7e-m+fp/hard/crtbegin.o
 .text.crc8_dallas
                0x0800020c       0x46 build/debug/main.o
 *fill*         0x08000252        0x2 
 .text.rb_push  0x08000254       0x40 build/debug/main.o
 .text.rb_pop   0x08000294       0x48 build/debug/main.o
 .text.update_servo_pwm
                0x080002dc       0x58 build/debug/main.o
 .text.parser_feed
                0x08000334       0xb8 build/debug/main.o
 .text.MX_GPIO_Init
                0x080003ec       0xac build/debug/main.o
 .text.HAL_UART_RxCpltCallback
                0x08000498       0x2c build/debug/main.o
                0x08000498                HAL_UART_RxCpltCallback
 .text.HAL_UART_ErrorCallback
                0x080004c4       0x5c build/debug/main.o
                0x080004c4                HAL_UART_ErrorCallback
 .text.Error_Handler
                0x08000520        0x4 build/debug/main.o
                0x08000520                Error_Handler
 .text.MX_USART2_UART_Init
                0x08000524       0x34 build/debug/main.o
 .text.MX_TIM2_Init
                0x08000558       0xa4 build/debug/main.o
 .text.SystemClock_Config
                0x080005fc       0xa4 build/debug/main.o
                0x080005fc                SystemClock_Config
 .text.main     0x080006a0       0xb8 build/debug/main.o
                0x080006a0                main
 .text.HAL_InitTick
                0x08000758       0x4c build/debug/stm32f4xx_hal.o
                0x08000758                HAL_InitTick
 .text.HAL_Init
                0x080007a4       0x34 build/debug/stm32f4xx_hal.o
                0x080007a4                HAL_Init
 .text.HAL_IncTick
                0x080007d8       0x18 build/debug/stm32f4xx_hal.o
                0x080007d8                HAL_IncTick
 .text.HAL_GetTick
                0x080007f0        0xc build/debug/stm32f4xx_hal.o
                0x080007f0                HAL_GetTick
 .text.__NVIC_EnableIRQ
                0x080007fc       0x1c build/debug/stm32f4xx_hal_cortex.o
 .text.__NVIC_SetPriority
                0x08000818       0x28 build/debug/stm32f4xx_hal_cortex.o
 .text.NVIC_EncodePriority
                0x08000840       0x46 build/debug/stm32f4xx_hal_cortex.o
 *fill*         0x08000886        0x2 
 .text.HAL_NVIC_SetPriorityGrouping
                0x08000888       0x24 build/debug/stm32f4xx_hal_cortex.o
                0x08000888                HAL_NVIC_SetPriorityGrouping
 .text.HAL_NVIC_SetPriority
                0x080008ac       0x20 build/debug/stm32f4xx_hal_cortex.o
                0x080008ac                HAL_NVIC_SetPriority
 .text.HAL_NVIC_EnableIRQ
                0x080008cc        0x8 build/debug/stm32f4xx_hal_cortex.o
                0x080008cc                HAL_NVIC_EnableIRQ
 .text.HAL_SYSTICK_Config
                0x080008d4       0x28 build/debug/stm32f4xx_hal_cortex.o
                0x080008d4                HAL_SYSTICK_Config
 .text.HAL_DMA_Abort
                0x080008fc       0x94 build/debug/stm32f4xx_hal_dma.o
                0x080008fc                HAL_DMA_Abort
 .text.HAL_DMA_Abort_IT
                0x08000990       0x24 build/debug/stm32f4xx_hal_dma.o
                0x08000990                HAL_DMA_Abort_IT
 .text.HAL_GPIO_Init
                0x080009b4      0x1e0 build/debug/stm32f4xx_hal_gpio.o
                0x080009b4                HAL_GPIO_Init
 .text.HAL_GPIO_WritePin
                0x08000b94        0xc build/debug/stm32f4xx_hal_gpio.o
                0x08000b94                HAL_GPIO_WritePin
 .text.HAL_GPIO_TogglePin
                0x08000ba0       0x12 build/debug/stm32f4xx_hal_gpio.o
                0x08000ba0                HAL_GPIO_TogglePin
 *fill*         0x08000bb2        0x2 
 .text.HAL_MspInit
                0x08000bb4       0x38 build/debug/stm32f4xx_hal_msp.o
                0x08000bb4                HAL_MspInit
 .text.HAL_TIM_Base_MspInit
                0x08000bec       0x2c build/debug/stm32f4xx_hal_msp.o
                0x08000bec                HAL_TIM_Base_MspInit
 .text.HAL_TIM_MspPostInit
                0x08000c18       0x50 build/debug/stm32f4xx_hal_msp.o
                0x08000c18                HAL_TIM_MspPostInit
 .text.HAL_UART_MspInit
                0x08000c68       0x78 build/debug/stm32f4xx_hal_msp.o
                0x08000c68                HAL_UART_MspInit
 .text.HAL_RCC_OscConfig
                0x08000ce0      0x3fc build/debug/stm32f4xx_hal_rcc.o
                0x08000ce0                HAL_RCC_OscConfig
 .text.HAL_RCC_GetSysClockFreq
                0x080010dc       0xdc build/debug/stm32f4xx_hal_rcc.o
                0x080010dc                HAL_RCC_GetSysClockFreq
 .text.HAL_RCC_ClockConfig
                0x080011b8      0x160 build/debug/stm32f4xx_hal_rcc.o
                0x080011b8                HAL_RCC_ClockConfig
 .text.HAL_RCC_GetHCLKFreq
                0x08001318        0xc build/debug/stm32f4xx_hal_rcc.o
                0x08001318                HAL_RCC_GetHCLKFreq
 .text.HAL_RCC_GetPCLK1Freq
                0x08001324       0x20 build/debug/stm32f4xx_hal_rcc.o
                0x08001324                HAL_RCC_GetPCLK1Freq
 .text.HAL_RCC_GetPCLK2Freq
                0x08001344       0x20 build/debug/stm32f4xx_hal_rcc.o
                0x08001344                HAL_RCC_GetPCLK2Freq
 .text.TIM_OC1_SetConfig
                0x08001364       0x64 build/debug/stm32f4xx_hal_tim.o
 .text.TIM_OC3_SetConfig
                0x080013c8       0x68 build/debug/stm32f4xx_hal_tim.o
 .text.TIM_OC4_SetConfig
                0x08001430       0x4c build/debug/stm32f4xx_hal_tim.o
 .text.TIM_TI1_ConfigInputStage
                0x0800147c       0x26 build/debug/stm32f4xx_hal_tim.o
 .text.TIM_TI2_ConfigInputStage
                0x080014a2       0x28 build/debug/stm32f4xx_hal_tim.o
 .text.TIM_ITRx_SetConfig
                0x080014ca       0x10 build/debug/stm32f4xx_hal_tim.o
 .text.HAL_TIM_PWM_MspInit
                0x080014da        0x2 build/debug/stm32f4xx_hal_tim.o
                0x080014da                HAL_TIM_PWM_MspInit
 .text.TIM_Base_SetConfig
                0x080014dc       0xa4 build/debug/stm32f4xx_hal_tim.o
                0x080014dc                TIM_Base_SetConfig
 .text.HAL_TIM_Base_Init
                0x08001580       0x58 build/debug/stm32f4xx_hal_tim.o
                0x08001580                HAL_TIM_Base_Init
 .text.HAL_TIM_PWM_Init
                0x080015d8       0x58 build/debug/stm32f4xx_hal_tim.o
                0x080015d8                HAL_TIM_PWM_Init
 .text.TIM_OC2_SetConfig
                0x08001630       0x6c build/debug/stm32f4xx_hal_tim.o
                0x08001630                TIM_OC2_SetConfig
 .text.HAL_TIM_PWM_ConfigChannel
                0x0800169c       0xe2 build/debug/stm32f4xx_hal_tim.o
                0x0800169c                HAL_TIM_PWM_ConfigChannel
 .text.TIM_ETR_SetConfig
                0x0800177e       0x16 build/debug/stm32f4xx_hal_tim.o
                0x0800177e                TIM_ETR_SetConfig
 .text.HAL_TIM_ConfigClockSource
                0x08001794       0xfe build/debug/stm32f4xx_hal_tim.o
                0x08001794                HAL_TIM_ConfigClockSource
 .text.TIM_CCxChannelCmd
                0x08001892       0x1e build/debug/stm32f4xx_hal_tim.o
                0x08001892                TIM_CCxChannelCmd
 .text.HAL_TIM_PWM_Start
                0x080018b0       0xe8 build/debug/stm32f4xx_hal_tim.o
                0x080018b0                HAL_TIM_PWM_Start
 .text.HAL_TIMEx_MasterConfigSynchronization
                0x08001998       0x7c build/debug/stm32f4xx_hal_tim_ex.o
                0x08001998                HAL_TIMEx_MasterConfigSynchronization
 .text.UART_EndRxTransfer
                0x08001a14       0x5c build/debug/stm32f4xx_hal_uart.o
 .text.UART_Transmit_IT
                0x08001a70       0x5e build/debug/stm32f4xx_hal_uart.o
 *fill*         0x08001ace        0x2 
 .text.UART_SetConfig
                0x08001ad0      0x110 build/debug/stm32f4xx_hal_uart.o
 .text.HAL_UART_Init
                0x08001be0       0x60 build/debug/stm32f4xx_hal_uart.o
                0x08001be0                HAL_UART_Init
 .text.HAL_UART_TxCpltCallback
                0x08001c40        0x2 build/debug/stm32f4xx_hal_uart.o
                0x08001c40                HAL_UART_TxCpltCallback
 .text.UART_EndTransmit_IT
                0x08001c42       0x1a build/debug/stm32f4xx_hal_uart.o
 .text.UART_DMAAbortOnError
                0x08001c5c        0xe build/debug/stm32f4xx_hal_uart.o
 .text.HAL_UARTEx_RxEventCallback
                0x08001c6a        0x2 build/debug/stm32f4xx_hal_uart.o
                0x08001c6a                HAL_UARTEx_RxEventCallback
 .text.UART_Receive_IT
                0x08001c6c       0xe0 build/debug/stm32f4xx_hal_uart.o
 .text.HAL_UART_IRQHandler
                0x08001d4c      0x29c build/debug/stm32f4xx_hal_uart.o
                0x08001d4c                HAL_UART_IRQHandler
 .text.UART_Start_Receive_IT
                0x08001fe8       0x36 build/debug/stm32f4xx_hal_uart.o
                0x08001fe8                UART_Start_Receive_IT
 .text.HAL_UART_Receive_IT
                0x0800201e       0x24 build/debug/stm32f4xx_hal_uart.o
                0x0800201e                HAL_UART_Receive_IT
 .text.NMI_Handler
                0x08002042        0x2 build/debug/stm32f4xx_it.o
                0x08002042                NMI_Handler
 .text.HardFault_Handler
                0x08002044        0x2 build/debug/stm32f4xx_it.o
                0x08002044                HardFault_Handler
 .text.MemManage_Handler
                0x08002046        0x2 build/debug/stm32f4xx_it.o
                0x08002046                MemManage_Handler
 .text.BusFault_Handler
                0x08002048        0x2 build/debug/stm32f4xx_it.o
                0x08002048                BusFault_Handler
 .text.UsageFault_Handler
                0x0800204a        0x2 build/debug/stm32f4xx_it.o
                0x0800204a                UsageFault_Handler
 .text.SVC_Handler
                0x0800204c        0x2 build/debug/stm32f4xx_it.o
                0x0800204c                SVC_Handler
 .text.DebugMon_Handler
                0x0800204e        0x2 build/debug/stm32f4xx_it.o
                0x0800204e                DebugMon_Handler
 .text.PendSV_Handler
                0x08002050        0x2 build/debug/stm32f4xx_it.o
                0x08002050                PendSV_Handler
 .text.SysTick_Handler
                0x08002052        0x8 build/debug/stm32f4xx_it.o
                0x08002052                SysTick_Handler
 *fill*         0x0800205a        0x2 
 .text.USART2_IRQHandler
                0x0800205c       0x10 build/debug/stm32f4xx_it.o
                0x0800205c                USART2_IRQHandler
 .text.SystemInit
                0x0800206c       0x14 build/debug/system_stm32f4xx.o
                0x0800206c                SystemInit
 .text.Reset_Handler
                0x08002080       0x50 build/debug/startup_stm32f401xe.o
                0x08002080                Reset_Handler
 .text.Default_Handler
                0x080020d0        0x2 build/debug/startup_stm32f401xe.o
                0x080020d0                RTC_Alarm_IRQHandler
                0x080020d0                EXTI2_IRQHandler
                0x080020d0                SPI4_IRQHandler
                0x080020d0                TIM1_CC_IRQHandler
                0x080020d0                DMA2_Stream5_IRQHandler
                0x080020d0                DMA1_Stream5_IRQHandler
                0x080020d0                PVD_IRQHandler
                0x080020d0                SDIO_IRQHandler
                0x080020d0                TAMP_STAMP_IRQHandler
                0x080020d0                EXTI3_IRQHandler
                0x080020d0                TIM1_UP_TIM10_IRQHandler
                0x080020d0                I2C3_ER_IRQHandler
                0x080020d0                EXTI0_IRQHandler
                0x080020d0                I2C2_EV_IRQHandler
                0x080020d0                DMA1_Stream2_IRQHandler
                0x080020d0                FPU_IRQHandler
                0x080020d0                DMA2_Stream2_IRQHandler
                0x080020d0                SPI1_IRQHandler
                0x080020d0                TIM1_BRK_TIM9_IRQHandler
                0x080020d0                DMA2_Stream3_IRQHandler
                0x080020d0                USART6_IRQHandler
                0x080020d0                DMA2_Stream0_IRQHandler
                0x080020d0                TIM4_IRQHandler
                0x080020d0                I2C1_EV_IRQHandler
                0x080020d0                DMA1_Stream6_IRQHandler
                0x080020d0                DMA1_Stream1_IRQHandler
                0x080020d0                TIM3_IRQHandler
                0x080020d0                RCC_IRQHandler
                0x080020d0                Default_Handler
                0x080020d0                EXTI15_10_IRQHandler
                0x080020d0                ADC_IRQHandler
                0x080020d0                DMA1_Stream7_IRQHandler
                0x080020d0                TIM5_IRQHandler
                0x080020d0                DMA2_Stream7_IRQHandler
                0x080020d0                I2C3_EV_IRQHandler
                0x080020d0                EXTI9_5_IRQHandler
                0x080020d0                RTC_WKUP_IRQHandler
                0x080020d0                SPI2_IRQHandler
                0x080020d0                DMA1_Stream0_IRQHandler
                0x080020d0                EXTI4_IRQHandler
                0x080020d0                WWDG_IRQHandler
                0x080020d0                TIM2_IRQHandler
                0x080020d0                OTG_FS_WKUP_IRQHandler
                0x080020d0                TIM1_TRG_COM_TIM11_IRQHandler
                0x080020d0                EXTI1_IRQHandler
                0x080020d0                I2C2_ER_IRQHandler
                0x080020d0                DMA2_Stream1_IRQHandler
                0x080020d0                FLASH_IRQHandler
                0x080020d0                DMA2_Stream4_IRQHandler
                0x080020d0                USART1_IRQHandler
                0x080020d0                OTG_FS_IRQHandler
                0x080020d0                SPI3_IRQHandler
                0x080020d0                DMA1_Stream4_IRQHandler
                0x080020d0                I2C1_ER_IRQHandler
                0x080020d0                DMA2_Stream6_IRQHandler
                0x080020d0                DMA1_Stream3_IRQHandler
 .text.memset   0x080020d2       0x10 c:/Users/bulli/AppData/Roaming/Code/User/globalStorage/bmd.stm32-for-vscode/@xpack-dev-tools/arm-none-eabi-gcc/15.2.1-1.1.1/.content/bin/../lib/gcc/arm-none-eabi/15.2.1/../../../../arm-none-eabi/lib/thumb/v7e-m+fp/hard\libc_nano.a(libc_a-memset.o)
                0x080020d2                memset
 *fill*         0x080020e2        0x2 
 .text.__libc_init_array
                0x080020e4       0x48 c:/Users/bulli/AppData/Roaming/Code/User/globalStorage/bmd.stm32-for-vscode/@xpack-dev-tools/arm-none-eabi-gcc/15.2.1-1.1.1/.content/bin/../lib/gcc/arm-none-eabi/15.2.1/../../../../arm-none-eabi/lib/thumb/v7e-m+fp/hard\libc_nano.a(libc_a-init.o)
                0x080020e4                __libc_init_array
 .text.__udivmoddi4
                0x0800212c      0x320 c:/Users/bulli/AppData/Roaming/Code/User/globalStorage/bmd.stm32-for-vscode/@xpack-dev-tools/arm-none-eabi-gcc/15.2.1-1.1.1/.content/bin/../lib/gcc/arm-none-eabi/15.2.1/thumb/v7e-m+fp/hard\libgcc.a(_udivmoddi4.o)
                0x0800212c                __udivmoddi4
 *(.glue_7)
 .glue_7        0x0800244c        0x0 linker stubs
 *(.glue_7t)
 .glue_7t       0x0800244c        0x0 linker stubs
 *(.eh_frame)
 .eh_frame      0x0800244c        0x0 c:/Users/bulli/AppData/Roaming/Code/User/globalStorage/bmd.stm32-for-vscode/@xpack-dev-tools/arm-none-eabi-gcc/15.2.1-1.1.1/.content/bin/../lib/gcc/arm-none-eabi/15.2.1/thumb/v7e-m+fp/hard/crtbegin.o
 *(.init)
 .init          0x0800244c        0x4 c:/Users/bulli/AppData/Roaming/Code/User/globalStorage/bmd.stm32-for-vscode/@xpack-dev-tools/arm-none-eabi-gcc/15.2.1-1.1.1/.content/bin/../lib/gcc/arm-none-eabi/15.2.1/thumb/v7e-m+fp/hard/crti.o
                0x0800244c                _init
 .init          0x08002450        0x8 c:/Users/bulli/AppData/Roaming/Code/User/globalStorage/bmd.stm32-for-vscode/@xpack-dev-tools/arm-none-eabi-gcc/15.2.1-1.1.1/.content/bin/../lib/gcc/arm-none-eabi/15.2.1/thumb/v7e-m+fp/hard/crtn.o
 *(.fini)
 .fini          0x08002458        0x4 c:/Users/bulli/AppData/Roaming/Code/User/globalStorage/bmd.stm32-for-vscode/@xpack-dev-tools/arm-none-eabi-gcc/15.2.1-1.1.1/.content/bin/../lib/gcc/arm-none-eabi/15.2.1/thumb/v7e-m+fp/hard/crti.o
                0x08002458                _fini
 .fini          0x0800245c        0x8 c:/Users/bulli/AppData/Roaming/Code/User/globalStorage/bmd.stm32-for-vscode/@xpack-dev-tools/arm-none-eabi-gcc/15.2.1-1.1.1/.content/bin/../lib/gcc/arm-none-eabi/15.2.1/thumb/v7e-m+fp/hard/crtn.o
                0x08002464                        . = ALIGN (0x4)
                0x08002464                        _etext = .

.vfp11_veneer   0x08002464        0x0
 .vfp11_veneer  0x08002464        0x0 linker stubs

.v4_bx          0x08002464        0x0
 .v4_bx         0x08002464        0x0 linker stubs

.iplt           0x08002464        0x0
 .iplt          0x08002464        0x0 c:/Users/bulli/AppData/Roaming/Code/User/globalStorage/bmd.stm32-for-vscode/@xpack-dev-tools/arm-none-eabi-gcc/15.2.1-1.1.1/.content/bin/../lib/gcc/arm-none-eabi/15.2.1/thumb/v7e-m+fp/hard/crtbegin.o

.rodata         0x08002464       0x18
                0x08002464                        . = ALIGN (0x4)
 *(.rodata)
 *(.rodata*)
 .rodata.APBPrescTable
                0x08002464        0x8 build/debug/system_stm32f4xx.o
                0x08002464                APBPrescTable
 .rodata.AHBPrescTable
                0x0800246c       0x10 build/debug/system_stm32f4xx.o
                0x0800246c                AHBPrescTable
                0x0800247c                        . = ALIGN (0x4)

.ARM.extab      0x0800247c        0x0
                0x0800247c                        . = ALIGN (0x4)
 *(.ARM.extab* .gnu.linkonce.armextab.*)
                0x0800247c                        . = ALIGN (0x4)

.ARM            0x0800247c        0x8
                0x0800247c                        . = ALIGN (0x4)
                0x0800247c                        __exidx_start = .
 *(.ARM.exidx*)
 .ARM.exidx.text.__udivmoddi4
                0x0800247c        0x8 c:/Users/bulli/AppData/Roaming/Code/User/globalStorage/bmd.stm32-for-vscode/@xpack-dev-tools/arm-none-eabi-gcc/15.2.1-1.1.1/.content/bin/../lib/gcc/arm-none-eabi/15.2.1/thumb/v7e-m+fp/hard\libgcc.a(_udivmoddi4.o)
                0x08002484                        __exidx_end = .
                0x08002484                        . = ALIGN (0x4)

.preinit_array  0x08002484        0x0
                0x08002484                        . = ALIGN (0x4)
                0x08002484                        PROVIDE (__preinit_array_start = .)
 *(.preinit_array*)
                0x08002484                        PROVIDE (__preinit_array_end = .)
                0x08002484                        . = ALIGN (0x4)

.init_array     0x08002484        0x4
                0x08002484                        . = ALIGN (0x4)
                0x08002484                        PROVIDE (__init_array_start = .)
 *(SORT_BY_NAME(.init_array.*))
 *(.init_array*)
 .init_array    0x08002484        0x4 c:/Users/bulli/AppData/Roaming/Code/User/globalStorage/bmd.stm32-for-vscode/@xpack-dev-tools/arm-none-eabi-gcc/15.2.1-1.1.1/.content/bin/../lib/gcc/arm-none-eabi/15.2.1/thumb/v7e-m+fp/hard/crtbegin.o
                0x08002488                        PROVIDE (__init_array_end = .)
                0x08002488                        . = ALIGN (0x4)

.fini_array     0x08002488        0x4
                0x08002488                        . = ALIGN (0x4)
                0x08002488                        PROVIDE (__fini_array_start = .)
 *(SORT_BY_NAME(.fini_array.*))
 *(.fini_array*)
 .fini_array    0x08002488        0x4 c:/Users/bulli/AppData/Roaming/Code/User/globalStorage/bmd.stm32-for-vscode/@xpack-dev-tools/arm-none-eabi-gcc/15.2.1-1.1.1/.content/bin/../lib/gcc/arm-none-eabi/15.2.1/thumb/v7e-m+fp/hard/crtbegin.o
                0x0800248c                        PROVIDE (__fini_array_end = .)
                0x0800248c                        . = ALIGN (0x4)
                0x0800248c                        _sidata = LOADADDR (.data)

.rel.dyn        0x0800248c        0x0
 .rel.iplt      0x0800248c        0x0 c:/Users/bulli/AppData/Roaming/Code/User/globalStorage/bmd.stm32-for-vscode/@xpack-dev-tools/arm-none-eabi-gcc/15.2.1-1.1.1/.content/bin/../lib/gcc/arm-none-eabi/15.2.1/thumb/v7e-m+fp/hard/crtbegin.o

.data           0x20000000       0x1c load address 0x0800248c
                0x20000000                        . = ALIGN (0x4)
                0x20000000                        _sdata = .
 *(.data)
 *(.data*)
 .data.rc       0x20000000       0x10 build/debug/main.o
 .data.uwTickFreq
                0x20000010        0x1 build/debug/stm32f4xx_hal.o
                0x20000010                uwTickFreq
 *fill*         0x20000011        0x3 
 .data.uwTickPrio
                0x20000014        0x4 build/debug/stm32f4xx_hal.o
                0x20000014                uwTickPrio
 .data.SystemCoreClock
                0x20000018        0x4 build/debug/system_stm32f4xx.o
                0x20000018                SystemCoreClock
 *(.RamFunc)
 *(.RamFunc*)
                0x2000001c                        . = ALIGN (0x4)
                0x2000001c                        _edata = .

.igot.plt       0x2000001c        0x0 load address 0x080024a8
 .igot.plt      0x2000001c        0x0 c:/Users/bulli/AppData/Roaming/Code/User/globalStorage/bmd.stm32-for-vscode/@xpack-dev-tools/arm-none-eabi-gcc/15.2.1-1.1.1/.content/bin/../lib/gcc/arm-none-eabi/15.2.1/thumb/v7e-m+fp/hard/crtbegin.o
                0x2000001c                        . = ALIGN (0x4)

.bss            0x2000001c      0x10c load address 0x080024a8
                0x2000001c                        _sbss = .
                0x2000001c                        __bss_start__ = _sbss
 *(.bss)
 *(.bss*)
 .bss.completed.1
                0x2000001c        0x1 c:/Users/bulli/AppData/Roaming/Code/User/globalStorage/bmd.stm32-for-vscode/@xpack-dev-tools/arm-none-eabi-gcc/15.2.1-1.1.1/.content/bin/../lib/gcc/arm-none-eabi/15.2.1/thumb/v7e-m+fp/hard/crtbegin.o
 *fill*         0x2000001d        0x3 
 .bss.object.0  0x20000020       0x18 c:/Users/bulli/AppData/Roaming/Code/User/globalStorage/bmd.stm32-for-vscode/@xpack-dev-tools/arm-none-eabi-gcc/15.2.1-1.1.1/.content/bin/../lib/gcc/arm-none-eabi/15.2.1/thumb/v7e-m+fp/hard/crtbegin.o
 .bss.last_toggle.0
                0x20000038        0x4 build/debug/main.o
 .bss.pidx      0x2000003c        0x1 build/debug/main.o
 *fill*         0x2000003d        0x3 
 .bss.payload   0x20000040        0x9 build/debug/main.o
 .bss.pstate    0x20000049        0x1 build/debug/main.o
 .bss.rb_tail   0x2000004a        0x2 build/debug/main.o
 .bss.rb_head   0x2000004c        0x2 build/debug/main.o
 *fill*         0x2000004e        0x2 
 .bss.rb_buf    0x20000050       0x40 build/debug/main.o
 .bss.rx_byte   0x20000090        0x1 build/debug/main.o
 *fill*         0x20000091        0x3 
 .bss.huart2    0x20000094       0x48 build/debug/main.o
                0x20000094                huart2
 .bss.htim2     0x200000dc       0x48 build/debug/main.o
                0x200000dc                htim2
 .bss.uwTick    0x20000124        0x4 build/debug/stm32f4xx_hal.o
                0x20000124                uwTick
 *(COMMON)
                0x20000128                        . = ALIGN (0x4)
                0x20000128                        _ebss = .
                0x20000128                        __bss_end__ = _ebss

._user_heap_stack
                0x20000128      0x600 load address 0x080024a8
                0x20000128                        . = ALIGN (0x8)
                [!provide]                        PROVIDE (end = .)
                0x20000128                        PROVIDE (_end = .)
                0x20000328                        . = (. + _Min_Heap_Size)
 *fill*         0x20000128      0x200 
                0x20000728                        . = (. + _Min_Stack_Size)
 *fill*         0x20000328      0x400 
                0x20000728                        . = ALIGN (0x8)

/DISCARD/
 libc.a(*)
 libm.a(*)
 libgcc.a(*)
OUTPUT(build/debug/projectName.elf elf32-littlearm)
LOAD linker stubs
LOAD c:/Users/bulli/AppData/Roaming/Code/User/globalStorage/bmd.stm32-for-vscode/@xpack-dev-tools/arm-none-eabi-gcc/15.2.1-1.1.1/.content/bin/../lib/gcc/arm-none-eabi/15.2.1/../../../../arm-none-eabi/lib/thumb/v7e-m+fp/hard\libc.a
LOAD c:/Users/bulli/AppData/Roaming/Code/User/globalStorage/bmd.stm32-for-vscode/@xpack-dev-tools/arm-none-eabi-gcc/15.2.1-1.1.1/.content/bin/../lib/gcc/arm-none-eabi/15.2.1/../../../../arm-none-eabi/lib/thumb/v7e-m+fp/hard\libm.a
LOAD c:/Users/bulli/AppData/Roaming/Code/User/globalStorage/bmd.stm32-for-vscode/@xpack-dev-tools/arm-none-eabi-gcc/15.2.1-1.1.1/.content/bin/../lib/gcc/arm-none-eabi/15.2.1/thumb/v7e-m+fp/hard\libgcc.a

.ARM.attributes
                0x00000000       0x30
 .ARM.attributes
                0x00000000       0x22 c:/Users/bulli/AppData/Roaming/Code/User/globalStorage/bmd.stm32-for-vscode/@xpack-dev-tools/arm-none-eabi-gcc/15.2.1-1.1.1/.content/bin/../lib/gcc/arm-none-eabi/15.2.1/thumb/v7e-m+fp/hard/crti.o
 .ARM.attributes
                0x00000022       0x34 c:/Users/bulli/AppData/Roaming/Code/User/globalStorage/bmd.stm32-for-vscode/@xpack-dev-tools/arm-none-eabi-gcc/15.2.1-1.1.1/.content/bin/../lib/gcc/arm-none-eabi/15.2.1/thumb/v7e-m+fp/hard/crtbegin.o
 .ARM.attributes
                0x00000056       0x34 build/debug/main.o
 .ARM.attributes
                0x0000008a       0x34 build/debug/stm32f4xx_hal.o
 .ARM.attributes
                0x000000be       0x34 build/debug/stm32f4xx_hal_cortex.o
 .ARM.attributes
                0x000000f2       0x34 build/debug/stm32f4xx_hal_dma.o
 .ARM.attributes
                0x00000126       0x34 build/debug/stm32f4xx_hal_gpio.o
 .ARM.attributes
                0x0000015a       0x34 build/debug/stm32f4xx_hal_msp.o
 .ARM.attributes
                0x0000018e       0x34 build/debug/stm32f4xx_hal_rcc.o
 .ARM.attributes
                0x000001c2       0x34 build/debug/stm32f4xx_hal_tim.o
 .ARM.attributes
                0x000001f6       0x34 build/debug/stm32f4xx_hal_tim_ex.o
 .ARM.attributes
                0x0000022a       0x34 build/debug/stm32f4xx_hal_uart.o
 .ARM.attributes
                0x0000025e       0x34 build/debug/stm32f4xx_it.o
 .ARM.attributes
                0x00000292       0x34 build/debug/system_stm32f4xx.o
 .ARM.attributes
                0x000002c6       0x21 build/debug/startup_stm32f401xe.o
 .ARM.attributes
                0x000002e7       0x34 c:/Users/bulli/AppData/Roaming/Code/User/globalStorage/bmd.stm32-for-vscode/@xpack-dev-tools/arm-none-eabi-gcc/15.2.1-1.1.1/.content/bin/../lib/gcc/arm-none-eabi/15.2.1/../../../../arm-none-eabi/lib/thumb/v7e-m+fp/hard\libc_nano.a(libc_a-memset.o)
 .ARM.attributes
                0x0000031b       0x34 c:/Users/bulli/AppData/Roaming/Code/User/globalStorage/bmd.stm32-for-vscode/@xpack-dev-tools/arm-none-eabi-gcc/15.2.1-1.1.1/.content/bin/../lib/gcc/arm-none-eabi/15.2.1/../../../../arm-none-eabi/lib/thumb/v7e-m+fp/hard\libc_nano.a(libc_a-init.o)
 .ARM.attributes
                0x0000034f       0x22 c:/Users/bulli/AppData/Roaming/Code/User/globalStorage/bmd.stm32-for-vscode/@xpack-dev-tools/arm-none-eabi-gcc/15.2.1-1.1.1/.content/bin/../lib/gcc/arm-none-eabi/15.2.1/thumb/v7e-m+fp/hard\libgcc.a(_aeabi_uldivmod.o)
 .ARM.attributes
                0x00000371       0x34 c:/Users/bulli/AppData/Roaming/Code/User/globalStorage/bmd.stm32-for-vscode/@xpack-dev-tools/arm-none-eabi-gcc/15.2.1-1.1.1/.content/bin/../lib/gcc/arm-none-eabi/15.2.1/thumb/v7e-m+fp/hard\libgcc.a(_udivmoddi4.o)
 .ARM.attributes
                0x000003a5       0x22 c:/Users/bulli/AppData/Roaming/Code/User/globalStorage/bmd.stm32-for-vscode/@xpack-dev-tools/arm-none-eabi-gcc/15.2.1-1.1.1/.content/bin/../lib/gcc/arm-none-eabi/15.2.1/thumb/v7e-m+fp/hard\libgcc.a(_dvmd_tls.o)
 .ARM.attributes
                0x000003c7       0x22 c:/Users/bulli/AppData/Roaming/Code/User/globalStorage/bmd.stm32-for-vscode/@xpack-dev-tools/arm-none-eabi-gcc/15.2.1-1.1.1/.content/bin/../lib/gcc/arm-none-eabi/15.2.1/thumb/v7e-m+fp/hard/crtn.o

.comment        0x00000000       0x39
 .comment       0x00000000       0x39 c:/Users/bulli/AppData/Roaming/Code/User/globalStorage/bmd.stm32-for-vscode/@xpack-dev-tools/arm-none-eabi-gcc/15.2.1-1.1.1/.content/bin/../lib/gcc/arm-none-eabi/15.2.1/thumb/v7e-m+fp/hard/crtbegin.o
                                 0x3a (size before relaxing)
 .comment       0x00000039        0x0 build/debug/main.o
                                 0x3a (size before relaxing)
 .comment       0x00000039        0x0 build/debug/stm32f4xx_hal.o
                                 0x3a (size before relaxing)
 .comment       0x00000039        0x0 build/debug/stm32f4xx_hal_cortex.o
                                 0x3a (size before relaxing)
 .comment       0x00000039        0x0 build/debug/stm32f4xx_hal_dma.o
                                 0x3a (size before relaxing)
 .comment       0x00000039        0x0 build/debug/stm32f4xx_hal_gpio.o
                                 0x3a (size before relaxing)
 .comment       0x00000039        0x0 build/debug/stm32f4xx_hal_msp.o
                                 0x3a (size before relaxing)
 .comment       0x00000039        0x0 build/debug/stm32f4xx_hal_rcc.o
                                 0x3a (size before relaxing)
 .comment       0x00000039        0x0 build/debug/stm32f4xx_hal_tim.o
                                 0x3a (size before relaxing)
 .comment       0x00000039        0x0 build/debug/stm32f4xx_hal_tim_ex.o
                                 0x3a (size before relaxing)
 .comment       0x00000039        0x0 build/debug/stm32f4xx_hal_uart.o
                                 0x3a (size before relaxing)
 .comment       0x00000039        0x0 build/debug/stm32f4xx_it.o
                                 0x3a (size before relaxing)
 .comment       0x00000039        0x0 build/debug/system_stm32f4xx.o
                                 0x3a (size before relaxing)
 .comment       0x00000039        0x0 c:/Users/bulli/AppData/Roaming/Code/User/globalStorage/bmd.stm32-for-vscode/@xpack-dev-tools/arm-none-eabi-gcc/15.2.1-1.1.1/.content/bin/../lib/gcc/arm-none-eabi/15.2.1/../../../../arm-none-eabi/lib/thumb/v7e-m+fp/hard\libc_nano.a(libc_a-memset.o)
                                 0x3a (size before relaxing)
 .comment       0x00000039        0x0 c:/Users/bulli/AppData/Roaming/Code/User/globalStorage/bmd.stm32-for-vscode/@xpack-dev-tools/arm-none-eabi-gcc/15.2.1-1.1.1/.content/bin/../lib/gcc/arm-none-eabi/15.2.1/../../../../arm-none-eabi/lib/thumb/v7e-m+fp/hard\libc_nano.a(libc_a-init.o)
                                 0x3a (size before relaxing)
 .comment       0x00000039        0x0 c:/Users/bulli/AppData/Roaming/Code/User/globalStorage/bmd.stm32-for-vscode/@xpack-dev-tools/arm-none-eabi-gcc/15.2.1-1.1.1/.content/bin/../lib/gcc/arm-none-eabi/15.2.1/thumb/v7e-m+fp/hard\libgcc.a(_udivmoddi4.o)
                                 0x3a (size before relaxing)

.debug_info     0x00000000    0x105b6
 .debug_info    0x00000000     0x18c4 build/debug/main.o
 .debug_info    0x000018c4      0x959 build/debug/stm32f4xx_hal.o
 .debug_info    0x0000221d      0xf64 build/debug/stm32f4xx_hal_cortex.o
 .debug_info    0x00003181      0xadd build/debug/stm32f4xx_hal_dma.o
 .debug_info    0x00003c5e      0x747 build/debug/stm32f4xx_hal_gpio.o
 .debug_info    0x000043a5      0xfa9 build/debug/stm32f4xx_hal_msp.o
 .debug_info    0x0000534e      0xac8 build/debug/stm32f4xx_hal_rcc.o
 .debug_info    0x00005e16     0x3ce7 build/debug/stm32f4xx_hal_tim.o
 .debug_info    0x00009afd     0x1b06 build/debug/stm32f4xx_hal_tim_ex.o
 .debug_info    0x0000b603     0x3c66 build/debug/stm32f4xx_hal_uart.o
 .debug_info    0x0000f269      0x65d build/debug/stm32f4xx_it.o
 .debug_info    0x0000f8c6      0x558 build/debug/system_stm32f4xx.o
 .debug_info    0x0000fe1e       0x30 build/debug/startup_stm32f401xe.o
 .debug_info    0x0000fe4e       0x24 c:/Users/bulli/AppData/Roaming/Code/User/globalStorage/bmd.stm32-for-vscode/@xpack-dev-tools/arm-none-eabi-gcc/15.2.1-1.1.1/.content/bin/../lib/gcc/arm-none-eabi/15.2.1/thumb/v7e-m+fp/hard\libgcc.a(_aeabi_uldivmod.o)
 .debug_info    0x0000fe72      0x708 c:/Users/bulli/AppData/Roaming/Code/User/globalStorage/bmd.stm32-for-vscode/@xpack-dev-tools/arm-none-eabi-gcc/15.2.1-1.1.1/.content/bin/../lib/gcc/arm-none-eabi/15.2.1/thumb/v7e-m+fp/hard\libgcc.a(_udivmoddi4.o)
 .debug_info    0x0001057a       0x3c c:/Users/bulli/AppData/Roaming/Code/User/globalStorage/bmd.stm32-for-vscode/@xpack-dev-tools/arm-none-eabi-gcc/15.2.1-1.1.1/.content/bin/../lib/gcc/arm-none-eabi/15.2.1/thumb/v7e-m+fp/hard\libgcc.a(_dvmd_tls.o)

.debug_abbrev   0x00000000     0x1ff4
 .debug_abbrev  0x00000000      0x391 build/debug/main.o
 .debug_abbrev  0x00000391      0x27d build/debug/stm32f4xx_hal.o
 .debug_abbrev  0x0000060e      0x397 build/debug/stm32f4xx_hal_cortex.o
 .debug_abbrev  0x000009a5      0x283 build/debug/stm32f4xx_hal_dma.o
 .debug_abbrev  0x00000c28      0x21a build/debug/stm32f4xx_hal_gpio.o
 .debug_abbrev  0x00000e42      0x214 build/debug/stm32f4xx_hal_msp.o
 .debug_abbrev  0x00001056      0x2cc build/debug/stm32f4xx_hal_rcc.o
 .debug_abbrev  0x00001322      0x28a build/debug/stm32f4xx_hal_tim.o
 .debug_abbrev  0x000015ac      0x288 build/debug/stm32f4xx_hal_tim_ex.o
 .debug_abbrev  0x00001834      0x33d build/debug/stm32f4xx_hal_uart.o
 .debug_abbrev  0x00001b71      0x191 build/debug/stm32f4xx_it.o
 .debug_abbrev  0x00001d02      0x124 build/debug/system_stm32f4xx.o
 .debug_abbrev  0x00001e26       0x24 build/debug/startup_stm32f401xe.o
 .debug_abbrev  0x00001e4a       0x14 c:/Users/bulli/AppData/Roaming/Code/User/globalStorage/bmd.stm32-for-vscode/@xpack-dev-tools/arm-none-eabi-gcc/15.2.1-1.1.1/.content/bin/../lib/gcc/arm-none-eabi/15.2.1/thumb/v7e-m+fp/hard\libgcc.a(_aeabi_uldivmod.o)
 .debug_abbrev  0x00001e5e      0x170 c:/Users/bulli/AppData/Roaming/Code/User/globalStorage/bmd.stm32-for-vscode/@xpack-dev-tools/arm-none-eabi-gcc/15.2.1-1.1.1/.content/bin/../lib/gcc/arm-none-eabi/15.2.1/thumb/v7e-m+fp/hard\libgcc.a(_udivmoddi4.o)
 .debug_abbrev  0x00001fce       0x26 c:/Users/bulli/AppData/Roaming/Code/User/globalStorage/bmd.stm32-for-vscode/@xpack-dev-tools/arm-none-eabi-gcc/15.2.1-1.1.1/.content/bin/../lib/gcc/arm-none-eabi/15.2.1/thumb/v7e-m+fp/hard\libgcc.a(_dvmd_tls.o)

.debug_loclists
                0x00000000     0x996e
 .debug_loclists
                0x00000000      0x209 build/debug/main.o
 .debug_loclists
                0x00000209       0xe1 build/debug/stm32f4xx_hal.o
 .debug_loclists
                0x000002ea      0x500 build/debug/stm32f4xx_hal_cortex.o
 .debug_loclists
                0x000007ea      0x8e5 build/debug/stm32f4xx_hal_dma.o
 .debug_loclists
                0x000010cf      0x361 build/debug/stm32f4xx_hal_gpio.o
 .debug_loclists
                0x00001430       0xa8 build/debug/stm32f4xx_hal_msp.o
 .debug_loclists
                0x000014d8      0x3b1 build/debug/stm32f4xx_hal_rcc.o
 .debug_loclists
                0x00001889     0x3927 build/debug/stm32f4xx_hal_tim.o
 .debug_loclists
                0x000051b0     0x14e9 build/debug/stm32f4xx_hal_tim_ex.o
 .debug_loclists
                0x00006699     0x27f6 build/debug/stm32f4xx_hal_uart.o
 .debug_loclists
                0x00008e8f       0x70 build/debug/system_stm32f4xx.o
 .debug_loclists
                0x00008eff      0xa6f c:/Users/bulli/AppData/Roaming/Code/User/globalStorage/bmd.stm32-for-vscode/@xpack-dev-tools/arm-none-eabi-gcc/15.2.1-1.1.1/.content/bin/../lib/gcc/arm-none-eabi/15.2.1/thumb/v7e-m+fp/hard\libgcc.a(_udivmoddi4.o)

.debug_aranges  0x00000000      0xc78
 .debug_aranges
                0x00000000       0x80 build/debug/main.o
 .debug_aranges
                0x00000080       0xf0 build/debug/stm32f4xx_hal.o
 .debug_aranges
                0x00000170       0xf8 build/debug/stm32f4xx_hal_cortex.o
 .debug_aranges
                0x00000268       0x90 build/debug/stm32f4xx_hal_dma.o
 .debug_aranges
                0x000002f8       0x58 build/debug/stm32f4xx_hal_gpio.o
 .debug_aranges
                0x00000350       0x48 build/debug/stm32f4xx_hal_msp.o
 .debug_aranges
                0x00000398       0x88 build/debug/stm32f4xx_hal_rcc.o
 .debug_aranges
                0x00000420      0x3d0 build/debug/stm32f4xx_hal_tim.o
 .debug_aranges
                0x000007f0      0x168 build/debug/stm32f4xx_hal_tim_ex.o
 .debug_aranges
                0x00000958      0x208 build/debug/stm32f4xx_hal_uart.o
 .debug_aranges
                0x00000b60       0x68 build/debug/stm32f4xx_it.o
 .debug_aranges
                0x00000bc8       0x28 build/debug/system_stm32f4xx.o
 .debug_aranges
                0x00000bf0       0x28 build/debug/startup_stm32f401xe.o
 .debug_aranges
                0x00000c18       0x20 c:/Users/bulli/AppData/Roaming/Code/User/globalStorage/bmd.stm32-for-vscode/@xpack-dev-tools/arm-none-eabi-gcc/15.2.1-1.1.1/.content/bin/../lib/gcc/arm-none-eabi/15.2.1/thumb/v7e-m+fp/hard\libgcc.a(_aeabi_uldivmod.o)
 .debug_aranges
                0x00000c38       0x20 c:/Users/bulli/AppData/Roaming/Code/User/globalStorage/bmd.stm32-for-vscode/@xpack-dev-tools/arm-none-eabi-gcc/15.2.1-1.1.1/.content/bin/../lib/gcc/arm-none-eabi/15.2.1/thumb/v7e-m+fp/hard\libgcc.a(_udivmoddi4.o)
 .debug_aranges
                0x00000c58       0x20 c:/Users/bulli/AppData/Roaming/Code/User/globalStorage/bmd.stm32-for-vscode/@xpack-dev-tools/arm-none-eabi-gcc/15.2.1-1.1.1/.content/bin/../lib/gcc/arm-none-eabi/15.2.1/thumb/v7e-m+fp/hard\libgcc.a(_dvmd_tls.o)

.debug_rnglists
                0x00000000      0xa25
 .debug_rnglists
                0x00000000       0xa9 build/debug/main.o
 .debug_rnglists
                0x000000a9       0xaf build/debug/stm32f4xx_hal.o
 .debug_rnglists
                0x00000158       0xb5 build/debug/stm32f4xx_hal_cortex.o
 .debug_rnglists
                0x0000020d       0x6c build/debug/stm32f4xx_hal_dma.o
 .debug_rnglists
                0x00000279       0x3f build/debug/stm32f4xx_hal_gpio.o
 .debug_rnglists
                0x000002b8       0x31 build/debug/stm32f4xx_hal_msp.o
 .debug_rnglists
                0x000002e9       0x75 build/debug/stm32f4xx_hal_rcc.o
 .debug_rnglists
                0x0000035e      0x2ff build/debug/stm32f4xx_hal_tim.o
 .debug_rnglists
                0x0000065d      0x11b build/debug/stm32f4xx_hal_tim_ex.o
 .debug_rnglists
                0x00000778      0x195 build/debug/stm32f4xx_hal_uart.o
 .debug_rnglists
                0x0000090d       0x49 build/debug/stm32f4xx_it.o
 .debug_rnglists
                0x00000956       0x1a build/debug/system_stm32f4xx.o
 .debug_rnglists
                0x00000970       0x19 build/debug/startup_stm32f401xe.o
 .debug_rnglists
                0x00000989       0x9c c:/Users/bulli/AppData/Roaming/Code/User/globalStorage/bmd.stm32-for-vscode/@xpack-dev-tools/arm-none-eabi-gcc/15.2.1-1.1.1/.content/bin/../lib/gcc/arm-none-eabi/15.2.1/thumb/v7e-m+fp/hard\libgcc.a(_udivmoddi4.o)

.debug_line     0x00000000     0xe2a0
 .debug_line    0x00000000      0x958 build/debug/main.o
 .debug_line    0x00000958      0x611 build/debug/stm32f4xx_hal.o
 .debug_line    0x00000f69      0x8e1 build/debug/stm32f4xx_hal_cortex.o
 .debug_line    0x0000184a      0xed4 build/debug/stm32f4xx_hal_dma.o
 .debug_line    0x0000271e      0x755 build/debug/stm32f4xx_hal_gpio.o
 .debug_line    0x00002e73      0x3f1 build/debug/stm32f4xx_hal_msp.o
 .debug_line    0x00003264      0xc68 build/debug/stm32f4xx_hal_rcc.o
 .debug_line    0x00003ecc     0x4715 build/debug/stm32f4xx_hal_tim.o
 .debug_line    0x000085e1     0x1a84 build/debug/stm32f4xx_hal_tim_ex.o
 .debug_line    0x0000a065     0x34a6 build/debug/stm32f4xx_hal_uart.o
 .debug_line    0x0000d50b      0x33a build/debug/stm32f4xx_it.o
 .debug_line    0x0000d845      0x2f5 build/debug/system_stm32f4xx.o
 .debug_line    0x0000db3a       0x76 build/debug/startup_stm32f401xe.o
 .debug_line    0x0000dbb0       0x4e c:/Users/bulli/AppData/Roaming/Code/User/globalStorage/bmd.stm32-for-vscode/@xpack-dev-tools/arm-none-eabi-gcc/15.2.1-1.1.1/.content/bin/../lib/gcc/arm-none-eabi/15.2.1/thumb/v7e-m+fp/hard\libgcc.a(_aeabi_uldivmod.o)
 .debug_line    0x0000dbfe      0x658 c:/Users/bulli/AppData/Roaming/Code/User/globalStorage/bmd.stm32-for-vscode/@xpack-dev-tools/arm-none-eabi-gcc/15.2.1-1.1.1/.content/bin/../lib/gcc/arm-none-eabi/15.2.1/thumb/v7e-m+fp/hard\libgcc.a(_udivmoddi4.o)
 .debug_line    0x0000e256       0x4a c:/Users/bulli/AppData/Roaming/Code/User/globalStorage/bmd.stm32-for-vscode/@xpack-dev-tools/arm-none-eabi-gcc/15.2.1-1.1.1/.content/bin/../lib/gcc/arm-none-eabi/15.2.1/thumb/v7e-m+fp/hard\libgcc.a(_dvmd_tls.o)

.debug_str      0x00000000     0x437c
 .debug_str     0x00000000     0x437c build/debug/main.o
                                0xfc0 (size before relaxing)
 .debug_str     0x0000437c        0x0 build/debug/stm32f4xx_hal.o
                                0xa03 (size before relaxing)
 .debug_str     0x0000437c        0x0 build/debug/stm32f4xx_hal_cortex.o
                                0xb02 (size before relaxing)
 .debug_str     0x0000437c        0x0 build/debug/stm32f4xx_hal_dma.o
                                0x765 (size before relaxing)
 .debug_str     0x0000437c        0x0 build/debug/stm32f4xx_hal_gpio.o
                                0x4e1 (size before relaxing)
 .debug_str     0x0000437c        0x0 build/debug/stm32f4xx_hal_msp.o
                                0xed1 (size before relaxing)
 .debug_str     0x0000437c        0x0 build/debug/stm32f4xx_hal_rcc.o
                                0x707 (size before relaxing)
 .debug_str     0x0000437c        0x0 build/debug/stm32f4xx_hal_tim.o
                               0x16ee (size before relaxing)
 .debug_str     0x0000437c        0x0 build/debug/stm32f4xx_hal_tim_ex.o
                                0xefa (size before relaxing)
 .debug_str     0x0000437c        0x0 build/debug/stm32f4xx_hal_uart.o
                                0xd8a (size before relaxing)
 .debug_str     0x0000437c        0x0 build/debug/stm32f4xx_it.o
                                0x6ce (size before relaxing)
 .debug_str     0x0000437c        0x0 build/debug/system_stm32f4xx.o
                                0x376 (size before relaxing)
 .debug_str     0x0000437c        0x0 build/debug/startup_stm32f401xe.o
                                 0x6d (size before relaxing)
 .debug_str     0x0000437c        0x0 c:/Users/bulli/AppData/Roaming/Code/User/globalStorage/bmd.stm32-for-vscode/@xpack-dev-tools/arm-none-eabi-gcc/15.2.1-1.1.1/.content/bin/../lib/gcc/arm-none-eabi/15.2.1/thumb/v7e-m+fp/hard\libgcc.a(_aeabi_uldivmod.o)
                                0x194 (size before relaxing)
 .debug_str     0x0000437c        0x0 c:/Users/bulli/AppData/Roaming/Code/User/globalStorage/bmd.stm32-for-vscode/@xpack-dev-tools/arm-none-eabi-gcc/15.2.1-1.1.1/.content/bin/../lib/gcc/arm-none-eabi/15.2.1/thumb/v7e-m+fp/hard\libgcc.a(_udivmoddi4.o)
                                0x7ad (size before relaxing)
 .debug_str     0x0000437c        0x0 c:/Users/bulli/AppData/Roaming/Code/User/globalStorage/bmd.stm32-for-vscode/@xpack-dev-tools/arm-none-eabi-gcc/15.2.1-1.1.1/.content/bin/../lib/gcc/arm-none-eabi/15.2.1/thumb/v7e-m+fp/hard\libgcc.a(_dvmd_tls.o)
                                0x1b4 (size before relaxing)

.debug_frame    0x00000000     0x1f78
 .debug_frame   0x00000000      0x150 build/debug/main.o
 .debug_frame   0x00000150      0x1ec build/debug/stm32f4xx_hal.o
 .debug_frame   0x0000033c      0x214 build/debug/stm32f4xx_hal_cortex.o
 .debug_frame   0x00000550      0x170 build/debug/stm32f4xx_hal_dma.o
 .debug_frame   0x000006c0       0xd0 build/debug/stm32f4xx_hal_gpio.o
 .debug_frame   0x00000790       0xa8 build/debug/stm32f4xx_hal_msp.o
 .debug_frame   0x00000838      0x16c build/debug/stm32f4xx_hal_rcc.o
 .debug_frame   0x000009a4      0xab0 build/debug/stm32f4xx_hal_tim.o
 .debug_frame   0x00001454      0x3e8 build/debug/stm32f4xx_hal_tim_ex.o
 .debug_frame   0x0000183c      0x5dc build/debug/stm32f4xx_hal_uart.o
 .debug_frame   0x00001e18       0xc0 build/debug/stm32f4xx_it.o
 .debug_frame   0x00001ed8       0x30 build/debug/system_stm32f4xx.o
 .debug_frame   0x00001f08       0x2c c:/Users/bulli/AppData/Roaming/Code/User/globalStorage/bmd.stm32-for-vscode/@xpack-dev-tools/arm-none-eabi-gcc/15.2.1-1.1.1/.content/bin/../lib/gcc/arm-none-eabi/15.2.1/thumb/v7e-m+fp/hard\libgcc.a(_aeabi_uldivmod.o)
 .debug_frame   0x00001f34       0x44 c:/Users/bulli/AppData/Roaming/Code/User/globalStorage/bmd.stm32-for-vscode/@xpack-dev-tools/arm-none-eabi-gcc/15.2.1-1.1.1/.content/bin/../lib/gcc/arm-none-eabi/15.2.1/thumb/v7e-m+fp/hard\libgcc.a(_udivmoddi4.o)

.debug_line_str
                0x00000000      0x1e3
 .debug_line_str
                0x00000000      0x1e3 build/debug/startup_stm32f401xe.o
                                 0x51 (size before relaxing)
 .debug_line_str
                0x000001e3        0x0 c:/Users/bulli/AppData/Roaming/Code/User/globalStorage/bmd.stm32-for-vscode/@xpack-dev-tools/arm-none-eabi-gcc/15.2.1-1.1.1/.content/bin/../lib/gcc/arm-none-eabi/15.2.1/thumb/v7e-m+fp/hard\libgcc.a(_aeabi_uldivmod.o)
                                0x186 (size before relaxing)
 .debug_line_str
                0x000001e3        0x0 c:/Users/bulli/AppData/Roaming/Code/User/globalStorage/bmd.stm32-for-vscode/@xpack-dev-tools/arm-none-eabi-gcc/15.2.1-1.1.1/.content/bin/../lib/gcc/arm-none-eabi/15.2.1/thumb/v7e-m+fp/hard\libgcc.a(_dvmd_tls.o)
                                0x18a (size before relaxing)

Cross Reference Table

Symbol                                            File
ADC_IRQHandler                                    build/debug/startup_stm32f401xe.o
AHBPrescTable                                     build/debug/system_stm32f4xx.o
                                                  build/debug/stm32f4xx_hal_rcc.o
APBPrescTable                                     build/debug/system_stm32f4xx.o
                                                  build/debug/stm32f4xx_hal_rcc.o
BusFault_Handler                                  build/debug/stm32f4xx_it.o
DMA1_Stream0_IRQHandler                           build/debug/startup_stm32f401xe.o
DMA1_Stream1_IRQHandler                           build/debug/startup_stm32f401xe.o
DMA1_Stream2_IRQHandler                           build/debug/startup_stm32f401xe.o
DMA1_Stream3_IRQHandler                           build/debug/startup_stm32f401xe.o
DMA1_Stream4_IRQHandler                           build/debug/startup_stm32f401xe.o
DMA1_Stream5_IRQHandler                           build/debug/startup_stm32f401xe.o
DMA1_Stream6_IRQHandler                           build/debug/startup_stm32f401xe.o
DMA1_Stream7_IRQHandler                           build/debug/startup_stm32f401xe.o
DMA2_Stream0_IRQHandler                           build/debug/startup_stm32f401xe.o
DMA2_Stream1_IRQHandler                           build/debug/startup_stm32f401xe.o
DMA2_Stream2_IRQHandler                           build/debug/startup_stm32f401xe.o
DMA2_Stream3_IRQHandler                           build/debug/startup_stm32f401xe.o
DMA2_Stream4_IRQHandler                           build/debug/startup_stm32f401xe.o
DMA2_Stream5_IRQHandler                           build/debug/startup_stm32f401xe.o
DMA2_Stream6_IRQHandler                           build/debug/startup_stm32f401xe.o
DMA2_Stream7_IRQHandler                           build/debug/startup_stm32f401xe.o
DebugMon_Handler                                  build/debug/stm32f4xx_it.o
Default_Handler                                   build/debug/startup_stm32f401xe.o
EXTI0_IRQHandler                                  build/debug/startup_stm32f401xe.o
EXTI15_10_IRQHandler                              build/debug/startup_stm32f401xe.o
EXTI1_IRQHandler                                  build/debug/startup_stm32f401xe.o
EXTI2_IRQHandler                                  build/debug/startup_stm32f401xe.o
EXTI3_IRQHandler                                  build/debug/startup_stm32f401xe.o
EXTI4_IRQHandler                                  build/debug/startup_stm32f401xe.o
EXTI9_5_IRQHandler                                build/debug/startup_stm32f401xe.o
Error_Handler                                     build/debug/main.o
FLASH_Erase_Sector                                build/debug/stm32f4xx_hal_flash_ex.o
                                                  build/debug/stm32f4xx_hal_flash.o
FLASH_FlushCaches                                 build/debug/stm32f4xx_hal_flash_ex.o
                                                  build/debug/stm32f4xx_hal_flash.o
FLASH_IRQHandler                                  build/debug/startup_stm32f401xe.o
FLASH_WaitForLastOperation                        build/debug/stm32f4xx_hal_flash.o
                                                  build/debug/stm32f4xx_hal_flash_ex.o
FPU_IRQHandler                                    build/debug/startup_stm32f401xe.o
HAL_CORTEX_ClearEvent                             build/debug/stm32f4xx_hal_cortex.o
HAL_DBGMCU_DisableDBGSleepMode                    build/debug/stm32f4xx_hal.o
HAL_DBGMCU_DisableDBGStandbyMode                  build/debug/stm32f4xx_hal.o
HAL_DBGMCU_DisableDBGStopMode                     build/debug/stm32f4xx_hal.o
HAL_DBGMCU_EnableDBGSleepMode                     build/debug/stm32f4xx_hal.o
HAL_DBGMCU_EnableDBGStandbyMode                   build/debug/stm32f4xx_hal.o
HAL_DBGMCU_EnableDBGStopMode                      build/debug/stm32f4xx_hal.o
HAL_DMAEx_ChangeMemory                            build/debug/stm32f4xx_hal_dma_ex.o
HAL_DMAEx_MultiBufferStart                        build/debug/stm32f4xx_hal_dma_ex.o
HAL_DMAEx_MultiBufferStart_IT                     build/debug/stm32f4xx_hal_dma_ex.o
HAL_DMA_Abort                                     build/debug/stm32f4xx_hal_dma.o
                                                  build/debug/stm32f4xx_hal_uart.o
HAL_DMA_Abort_IT                                  build/debug/stm32f4xx_hal_dma.o
                                                  build/debug/stm32f4xx_hal_uart.o
                                                  build/debug/stm32f4xx_hal_tim_ex.o
                                                  build/debug/stm32f4xx_hal_tim.o
HAL_DMA_DeInit                                    build/debug/stm32f4xx_hal_dma.o
HAL_DMA_GetError                                  build/debug/stm32f4xx_hal_dma.o
                                                  build/debug/stm32f4xx_hal_uart.o
HAL_DMA_GetState                                  build/debug/stm32f4xx_hal_dma.o
HAL_DMA_IRQHandler                                build/debug/stm32f4xx_hal_dma.o
HAL_DMA_Init                                      build/debug/stm32f4xx_hal_dma.o
HAL_DMA_PollForTransfer                           build/debug/stm32f4xx_hal_dma.o
HAL_DMA_RegisterCallback                          build/debug/stm32f4xx_hal_dma.o
HAL_DMA_Start                                     build/debug/stm32f4xx_hal_dma.o
HAL_DMA_Start_IT                                  build/debug/stm32f4xx_hal_dma.o
                                                  build/debug/stm32f4xx_hal_uart.o
                                                  build/debug/stm32f4xx_hal_tim_ex.o
                                                  build/debug/stm32f4xx_hal_tim.o
HAL_DMA_UnRegisterCallback                        build/debug/stm32f4xx_hal_dma.o
HAL_DeInit                                        build/debug/stm32f4xx_hal.o
HAL_Delay                                         build/debug/stm32f4xx_hal.o
HAL_DisableCompensationCell                       build/debug/stm32f4xx_hal.o
HAL_EXTI_ClearConfigLine                          build/debug/stm32f4xx_hal_exti.o
HAL_EXTI_ClearPending                             build/debug/stm32f4xx_hal_exti.o
HAL_EXTI_GenerateSWI                              build/debug/stm32f4xx_hal_exti.o
HAL_EXTI_GetConfigLine                            build/debug/stm32f4xx_hal_exti.o
HAL_EXTI_GetHandle                                build/debug/stm32f4xx_hal_exti.o
HAL_EXTI_GetPending                               build/debug/stm32f4xx_hal_exti.o
HAL_EXTI_IRQHandler                               build/debug/stm32f4xx_hal_exti.o
HAL_EXTI_RegisterCallback                         build/debug/stm32f4xx_hal_exti.o
HAL_EXTI_SetConfigLine                            build/debug/stm32f4xx_hal_exti.o
HAL_EnableCompensationCell                        build/debug/stm32f4xx_hal.o
HAL_FLASHEx_AdvOBGetConfig                        build/debug/stm32f4xx_hal_flash_ex.o
HAL_FLASHEx_AdvOBProgram                          build/debug/stm32f4xx_hal_flash_ex.o
HAL_FLASHEx_Erase                                 build/debug/stm32f4xx_hal_flash_ex.o
HAL_FLASHEx_Erase_IT                              build/debug/stm32f4xx_hal_flash_ex.o
HAL_FLASHEx_OBGetConfig                           build/debug/stm32f4xx_hal_flash_ex.o
HAL_FLASHEx_OBProgram                             build/debug/stm32f4xx_hal_flash_ex.o
HAL_FLASHEx_OB_DeSelectPCROP                      build/debug/stm32f4xx_hal_flash_ex.o
HAL_FLASHEx_OB_SelectPCROP                        build/debug/stm32f4xx_hal_flash_ex.o
HAL_FLASH_EndOfOperationCallback                  build/debug/stm32f4xx_hal_flash.o
HAL_FLASH_GetError                                build/debug/stm32f4xx_hal_flash.o
HAL_FLASH_IRQHandler                              build/debug/stm32f4xx_hal_flash.o
HAL_FLASH_Lock                                    build/debug/stm32f4xx_hal_flash.o
HAL_FLASH_OB_Launch                               build/debug/stm32f4xx_hal_flash.o
HAL_FLASH_OB_Lock                                 build/debug/stm32f4xx_hal_flash.o
HAL_FLASH_OB_Unlock                               build/debug/stm32f4xx_hal_flash.o
HAL_FLASH_OperationErrorCallback                  build/debug/stm32f4xx_hal_flash.o
HAL_FLASH_Program                                 build/debug/stm32f4xx_hal_flash.o
HAL_FLASH_Program_IT                              build/debug/stm32f4xx_hal_flash.o
HAL_FLASH_Unlock                                  build/debug/stm32f4xx_hal_flash.o
HAL_GPIO_DeInit                                   build/debug/stm32f4xx_hal_gpio.o
                                                  build/debug/stm32f4xx_hal_msp.o
HAL_GPIO_EXTI_Callback                            build/debug/stm32f4xx_hal_gpio.o
HAL_GPIO_EXTI_IRQHandler                          build/debug/stm32f4xx_hal_gpio.o
HAL_GPIO_Init                                     build/debug/stm32f4xx_hal_gpio.o
                                                  build/debug/stm32f4xx_hal_rcc.o
                                                  build/debug/stm32f4xx_hal_msp.o
                                                  build/debug/main.o
HAL_GPIO_LockPin                                  build/debug/stm32f4xx_hal_gpio.o
HAL_GPIO_ReadPin                                  build/debug/stm32f4xx_hal_gpio.o
HAL_GPIO_TogglePin                                build/debug/stm32f4xx_hal_gpio.o
                                                  build/debug/main.o
HAL_GPIO_WritePin                                 build/debug/stm32f4xx_hal_gpio.o
                                                  build/debug/main.o
HAL_GetDEVID                                      build/debug/stm32f4xx_hal.o
HAL_GetHalVersion                                 build/debug/stm32f4xx_hal.o
HAL_GetREVID                                      build/debug/stm32f4xx_hal.o
HAL_GetTick                                       build/debug/stm32f4xx_hal.o
                                                  build/debug/stm32f4xx_hal_uart.o
                                                  build/debug/stm32f4xx_hal_rcc_ex.o
                                                  build/debug/stm32f4xx_hal_rcc.o
                                                  build/debug/stm32f4xx_hal_pwr_ex.o
                                                  build/debug/stm32f4xx_hal_flash.o
                                                  build/debug/stm32f4xx_hal_dma.o
                                                  build/debug/main.o
HAL_GetTickFreq                                   build/debug/stm32f4xx_hal.o
HAL_GetTickPrio                                   build/debug/stm32f4xx_hal.o
HAL_GetUIDw0                                      build/debug/stm32f4xx_hal.o
HAL_GetUIDw1                                      build/debug/stm32f4xx_hal.o
HAL_GetUIDw2                                      build/debug/stm32f4xx_hal.o
HAL_HalfDuplex_EnableReceiver                     build/debug/stm32f4xx_hal_uart.o
HAL_HalfDuplex_EnableTransmitter                  build/debug/stm32f4xx_hal_uart.o
HAL_HalfDuplex_Init                               build/debug/stm32f4xx_hal_uart.o
HAL_IncTick                                       build/debug/stm32f4xx_hal.o
                                                  build/debug/stm32f4xx_it.o
HAL_Init                                          build/debug/stm32f4xx_hal.o
                                                  build/debug/main.o
HAL_InitTick                                      build/debug/stm32f4xx_hal.o
                                                  build/debug/stm32f4xx_hal_rcc_ex.o
                                                  build/debug/stm32f4xx_hal_rcc.o
HAL_LIN_Init                                      build/debug/stm32f4xx_hal_uart.o
HAL_LIN_SendBreak                                 build/debug/stm32f4xx_hal_uart.o
HAL_MPU_ConfigRegion                              build/debug/stm32f4xx_hal_cortex.o
HAL_MPU_Disable                                   build/debug/stm32f4xx_hal_cortex.o
HAL_MPU_DisableRegion                             build/debug/stm32f4xx_hal_cortex.o
HAL_MPU_Enable                                    build/debug/stm32f4xx_hal_cortex.o
HAL_MPU_EnableRegion                              build/debug/stm32f4xx_hal_cortex.o
HAL_MspDeInit                                     build/debug/stm32f4xx_hal.o
HAL_MspInit                                       build/debug/stm32f4xx_hal_msp.o
                                                  build/debug/stm32f4xx_hal.o
HAL_MultiProcessor_EnterMuteMode                  build/debug/stm32f4xx_hal_uart.o
HAL_MultiProcessor_ExitMuteMode                   build/debug/stm32f4xx_hal_uart.o
HAL_MultiProcessor_Init                           build/debug/stm32f4xx_hal_uart.o
HAL_NVIC_ClearPendingIRQ                          build/debug/stm32f4xx_hal_cortex.o
HAL_NVIC_DisableIRQ                               build/debug/stm32f4xx_hal_cortex.o
                                                  build/debug/stm32f4xx_hal_msp.o
HAL_NVIC_EnableIRQ                                build/debug/stm32f4xx_hal_cortex.o
                                                  build/debug/stm32f4xx_hal_msp.o
HAL_NVIC_GetActive                                build/debug/stm32f4xx_hal_cortex.o
HAL_NVIC_GetPendingIRQ                            build/debug/stm32f4xx_hal_cortex.o
HAL_NVIC_GetPriority                              build/debug/stm32f4xx_hal_cortex.o
HAL_NVIC_GetPriorityGrouping                      build/debug/stm32f4xx_hal_cortex.o
HAL_NVIC_SetPendingIRQ                            build/debug/stm32f4xx_hal_cortex.o
HAL_NVIC_SetPriority                              build/debug/stm32f4xx_hal_cortex.o
                                                  build/debug/stm32f4xx_hal_msp.o
                                                  build/debug/stm32f4xx_hal.o
HAL_NVIC_SetPriorityGrouping                      build/debug/stm32f4xx_hal_cortex.o
                                                  build/debug/stm32f4xx_hal.o
HAL_NVIC_SystemReset                              build/debug/stm32f4xx_hal_cortex.o
HAL_PWREx_ControlVoltageScaling                   build/debug/stm32f4xx_hal_pwr_ex.o
HAL_PWREx_DisableBkUpReg                          build/debug/stm32f4xx_hal_pwr_ex.o
HAL_PWREx_DisableFlashPowerDown                   build/debug/stm32f4xx_hal_pwr_ex.o
HAL_PWREx_DisableLowRegulatorLowVoltage           build/debug/stm32f4xx_hal_pwr_ex.o
HAL_PWREx_DisableMainRegulatorLowVoltage          build/debug/stm32f4xx_hal_pwr_ex.o
HAL_PWREx_EnableBkUpReg                           build/debug/stm32f4xx_hal_pwr_ex.o
HAL_PWREx_EnableFlashPowerDown                    build/debug/stm32f4xx_hal_pwr_ex.o
HAL_PWREx_EnableLowRegulatorLowVoltage            build/debug/stm32f4xx_hal_pwr_ex.o
HAL_PWREx_EnableMainRegulatorLowVoltage           build/debug/stm32f4xx_hal_pwr_ex.o
HAL_PWREx_GetVoltageRange                         build/debug/stm32f4xx_hal_pwr_ex.o
HAL_PWR_ConfigPVD                                 build/debug/stm32f4xx_hal_pwr.o
HAL_PWR_DeInit                                    build/debug/stm32f4xx_hal_pwr.o
HAL_PWR_DisableBkUpAccess                         build/debug/stm32f4xx_hal_pwr.o
HAL_PWR_DisablePVD                                build/debug/stm32f4xx_hal_pwr.o
HAL_PWR_DisableSEVOnPend                          build/debug/stm32f4xx_hal_pwr.o
HAL_PWR_DisableSleepOnExit                        build/debug/stm32f4xx_hal_pwr.o
HAL_PWR_DisableWakeUpPin                          build/debug/stm32f4xx_hal_pwr.o
HAL_PWR_EnableBkUpAccess                          build/debug/stm32f4xx_hal_pwr.o
HAL_PWR_EnablePVD                                 build/debug/stm32f4xx_hal_pwr.o
HAL_PWR_EnableSEVOnPend                           build/debug/stm32f4xx_hal_pwr.o
HAL_PWR_EnableSleepOnExit                         build/debug/stm32f4xx_hal_pwr.o
HAL_PWR_EnableWakeUpPin                           build/debug/stm32f4xx_hal_pwr.o
HAL_PWR_EnterSLEEPMode                            build/debug/stm32f4xx_hal_pwr.o
HAL_PWR_EnterSTANDBYMode                          build/debug/stm32f4xx_hal_pwr.o
HAL_PWR_EnterSTOPMode                             build/debug/stm32f4xx_hal_pwr.o
HAL_PWR_PVDCallback                               build/debug/stm32f4xx_hal_pwr.o
HAL_PWR_PVD_IRQHandler                            build/debug/stm32f4xx_hal_pwr.o
HAL_RCCEx_DisablePLLI2S                           build/debug/stm32f4xx_hal_rcc_ex.o
HAL_RCCEx_EnablePLLI2S                            build/debug/stm32f4xx_hal_rcc_ex.o
HAL_RCCEx_GetPeriphCLKConfig                      build/debug/stm32f4xx_hal_rcc_ex.o
HAL_RCCEx_GetPeriphCLKFreq                        build/debug/stm32f4xx_hal_rcc_ex.o
HAL_RCCEx_PeriphCLKConfig                         build/debug/stm32f4xx_hal_rcc_ex.o
HAL_RCC_CSSCallback                               build/debug/stm32f4xx_hal_rcc.o
HAL_RCC_ClockConfig                               build/debug/stm32f4xx_hal_rcc.o
                                                  build/debug/main.o
HAL_RCC_DeInit                                    build/debug/stm32f4xx_hal_rcc_ex.o
                                                  build/debug/stm32f4xx_hal_rcc.o
HAL_RCC_DisableCSS                                build/debug/stm32f4xx_hal_rcc.o
HAL_RCC_EnableCSS                                 build/debug/stm32f4xx_hal_rcc.o
HAL_RCC_GetClockConfig                            build/debug/stm32f4xx_hal_rcc.o
HAL_RCC_GetHCLKFreq                               build/debug/stm32f4xx_hal_rcc.o
HAL_RCC_GetOscConfig                              build/debug/stm32f4xx_hal_rcc.o
HAL_RCC_GetPCLK1Freq                              build/debug/stm32f4xx_hal_rcc.o
                                                  build/debug/stm32f4xx_hal_uart.o
HAL_RCC_GetPCLK2Freq                              build/debug/stm32f4xx_hal_rcc.o
                                                  build/debug/stm32f4xx_hal_uart.o
HAL_RCC_GetSysClockFreq                           build/debug/stm32f4xx_hal_rcc.o
HAL_RCC_MCOConfig                                 build/debug/stm32f4xx_hal_rcc.o
HAL_RCC_NMI_IRQHandler                            build/debug/stm32f4xx_hal_rcc.o
HAL_RCC_OscConfig                                 build/debug/stm32f4xx_hal_rcc.o
                                                  build/debug/main.o
HAL_ResumeTick                                    build/debug/stm32f4xx_hal.o
HAL_SYSTICK_CLKSourceConfig                       build/debug/stm32f4xx_hal_cortex.o
HAL_SYSTICK_Callback                              build/debug/stm32f4xx_hal_cortex.o
HAL_SYSTICK_Config                                build/debug/stm32f4xx_hal_cortex.o
                                                  build/debug/stm32f4xx_hal.o
HAL_SYSTICK_IRQHandler                            build/debug/stm32f4xx_hal_cortex.o
HAL_SetTickFreq                                   build/debug/stm32f4xx_hal.o
HAL_SuspendTick                                   build/debug/stm32f4xx_hal.o
HAL_TIMEx_BreakCallback                           build/debug/stm32f4xx_hal_tim_ex.o
                                                  build/debug/stm32f4xx_hal_tim.o
HAL_TIMEx_CommutCallback                          build/debug/stm32f4xx_hal_tim_ex.o
                                                  build/debug/stm32f4xx_hal_tim.o
HAL_TIMEx_CommutHalfCpltCallback                  build/debug/stm32f4xx_hal_tim_ex.o
HAL_TIMEx_ConfigBreakDeadTime                     build/debug/stm32f4xx_hal_tim_ex.o
HAL_TIMEx_ConfigCommutEvent                       build/debug/stm32f4xx_hal_tim_ex.o
HAL_TIMEx_ConfigCommutEvent_DMA                   build/debug/stm32f4xx_hal_tim_ex.o
HAL_TIMEx_ConfigCommutEvent_IT                    build/debug/stm32f4xx_hal_tim_ex.o
HAL_TIMEx_GetChannelNState                        build/debug/stm32f4xx_hal_tim_ex.o
HAL_TIMEx_HallSensor_DeInit                       build/debug/stm32f4xx_hal_tim_ex.o
HAL_TIMEx_HallSensor_GetState                     build/debug/stm32f4xx_hal_tim_ex.o
HAL_TIMEx_HallSensor_Init                         build/debug/stm32f4xx_hal_tim_ex.o
HAL_TIMEx_HallSensor_MspDeInit                    build/debug/stm32f4xx_hal_tim_ex.o
HAL_TIMEx_HallSensor_MspInit                      build/debug/stm32f4xx_hal_tim_ex.o
HAL_TIMEx_HallSensor_Start                        build/debug/stm32f4xx_hal_tim_ex.o
HAL_TIMEx_HallSensor_Start_DMA                    build/debug/stm32f4xx_hal_tim_ex.o
HAL_TIMEx_HallSensor_Start_IT                     build/debug/stm32f4xx_hal_tim_ex.o
HAL_TIMEx_HallSensor_Stop                         build/debug/stm32f4xx_hal_tim_ex.o
HAL_TIMEx_HallSensor_Stop_DMA                     build/debug/stm32f4xx_hal_tim_ex.o
HAL_TIMEx_HallSensor_Stop_IT                      build/debug/stm32f4xx_hal_tim_ex.o
HAL_TIMEx_MasterConfigSynchronization             build/debug/stm32f4xx_hal_tim_ex.o
                                                  build/debug/main.o
HAL_TIMEx_OCN_Start                               build/debug/stm32f4xx_hal_tim_ex.o
HAL_TIMEx_OCN_Start_DMA                           build/debug/stm32f4xx_hal_tim_ex.o
HAL_TIMEx_OCN_Start_IT                            build/debug/stm32f4xx_hal_tim_ex.o
HAL_TIMEx_OCN_Stop                                build/debug/stm32f4xx_hal_tim_ex.o
HAL_TIMEx_OCN_Stop_DMA                            build/debug/stm32f4xx_hal_tim_ex.o
HAL_TIMEx_OCN_Stop_IT                             build/debug/stm32f4xx_hal_tim_ex.o
HAL_TIMEx_OnePulseN_Start                         build/debug/stm32f4xx_hal_tim_ex.o
HAL_TIMEx_OnePulseN_Start_IT                      build/debug/stm32f4xx_hal_tim_ex.o
HAL_TIMEx_OnePulseN_Stop                          build/debug/stm32f4xx_hal_tim_ex.o
HAL_TIMEx_OnePulseN_Stop_IT                       build/debug/stm32f4xx_hal_tim_ex.o
HAL_TIMEx_PWMN_Start                              build/debug/stm32f4xx_hal_tim_ex.o
HAL_TIMEx_PWMN_Start_DMA                          build/debug/stm32f4xx_hal_tim_ex.o
HAL_TIMEx_PWMN_Start_IT                           build/debug/stm32f4xx_hal_tim_ex.o
HAL_TIMEx_PWMN_Stop                               build/debug/stm32f4xx_hal_tim_ex.o
HAL_TIMEx_PWMN_Stop_DMA                           build/debug/stm32f4xx_hal_tim_ex.o
HAL_TIMEx_PWMN_Stop_IT                            build/debug/stm32f4xx_hal_tim_ex.o
HAL_TIMEx_RemapConfig                             build/debug/stm32f4xx_hal_tim_ex.o
HAL_TIM_Base_DeInit                               build/debug/stm32f4xx_hal_tim.o
HAL_TIM_Base_GetState                             build/debug/stm32f4xx_hal_tim.o
HAL_TIM_Base_Init                                 build/debug/stm32f4xx_hal_tim.o
                                                  build/debug/main.o
HAL_TIM_Base_MspDeInit                            build/debug/stm32f4xx_hal_msp.o
HAL_TIM_Base_MspInit                              build/debug/stm32f4xx_hal_msp.o
HAL_TIM_Base_Start                                build/debug/stm32f4xx_hal_tim.o
HAL_TIM_Base_Start_DMA                            build/debug/stm32f4xx_hal_tim.o
HAL_TIM_Base_Start_IT                             build/debug/stm32f4xx_hal_tim.o
HAL_TIM_Base_Stop                                 build/debug/stm32f4xx_hal_tim.o
HAL_TIM_Base_Stop_DMA                             build/debug/stm32f4xx_hal_tim.o
HAL_TIM_Base_Stop_IT                              build/debug/stm32f4xx_hal_tim.o
HAL_TIM_ConfigClockSource                         build/debug/stm32f4xx_hal_tim.o
                                                  build/debug/main.o
HAL_TIM_ConfigOCrefClear                          build/debug/stm32f4xx_hal_tim.o
HAL_TIM_ConfigTI1Input                            build/debug/stm32f4xx_hal_tim.o
HAL_TIM_DMABurstState                             build/debug/stm32f4xx_hal_tim.o
HAL_TIM_DMABurst_MultiReadStart                   build/debug/stm32f4xx_hal_tim.o
HAL_TIM_DMABurst_MultiWriteStart                  build/debug/stm32f4xx_hal_tim.o
HAL_TIM_DMABurst_ReadStart                        build/debug/stm32f4xx_hal_tim.o
HAL_TIM_DMABurst_ReadStop                         build/debug/stm32f4xx_hal_tim.o
HAL_TIM_DMABurst_WriteStart                       build/debug/stm32f4xx_hal_tim.o
HAL_TIM_DMABurst_WriteStop                        build/debug/stm32f4xx_hal_tim.o
HAL_TIM_Encoder_DeInit                            build/debug/stm32f4xx_hal_tim.o
HAL_TIM_Encoder_GetState                          build/debug/stm32f4xx_hal_tim.o
HAL_TIM_Encoder_Init                              build/debug/stm32f4xx_hal_tim.o
HAL_TIM_Encoder_MspDeInit                         build/debug/stm32f4xx_hal_tim.o
HAL_TIM_Encoder_MspInit                           build/debug/stm32f4xx_hal_tim.o
HAL_TIM_Encoder_Start                             build/debug/stm32f4xx_hal_tim.o
HAL_TIM_Encoder_Start_DMA                         build/debug/stm32f4xx_hal_tim.o
HAL_TIM_Encoder_Start_IT                          build/debug/stm32f4xx_hal_tim.o
HAL_TIM_Encoder_Stop                              build/debug/stm32f4xx_hal_tim.o
HAL_TIM_Encoder_Stop_DMA                          build/debug/stm32f4xx_hal_tim.o
HAL_TIM_Encoder_Stop_IT                           build/debug/stm32f4xx_hal_tim.o
HAL_TIM_ErrorCallback                             build/debug/stm32f4xx_hal_tim.o
                                                  build/debug/stm32f4xx_hal_tim_ex.o
HAL_TIM_GenerateEvent                             build/debug/stm32f4xx_hal_tim.o
HAL_TIM_GetActiveChannel                          build/debug/stm32f4xx_hal_tim.o
HAL_TIM_GetChannelState                           build/debug/stm32f4xx_hal_tim.o
HAL_TIM_IC_CaptureCallback                        build/debug/stm32f4xx_hal_tim.o
HAL_TIM_IC_CaptureHalfCpltCallback                build/debug/stm32f4xx_hal_tim.o
HAL_TIM_IC_ConfigChannel                          build/debug/stm32f4xx_hal_tim.o
HAL_TIM_IC_DeInit                                 build/debug/stm32f4xx_hal_tim.o
HAL_TIM_IC_GetState                               build/debug/stm32f4xx_hal_tim.o
HAL_TIM_IC_Init                                   build/debug/stm32f4xx_hal_tim.o
HAL_TIM_IC_MspDeInit                              build/debug/stm32f4xx_hal_tim.o
HAL_TIM_IC_MspInit                                build/debug/stm32f4xx_hal_tim.o
HAL_TIM_IC_Start                                  build/debug/stm32f4xx_hal_tim.o
HAL_TIM_IC_Start_DMA                              build/debug/stm32f4xx_hal_tim.o
HAL_TIM_IC_Start_IT                               build/debug/stm32f4xx_hal_tim.o
HAL_TIM_IC_Stop                                   build/debug/stm32f4xx_hal_tim.o
HAL_TIM_IC_Stop_DMA                               build/debug/stm32f4xx_hal_tim.o
HAL_TIM_IC_Stop_IT                                build/debug/stm32f4xx_hal_tim.o
HAL_TIM_IRQHandler                                build/debug/stm32f4xx_hal_tim.o
HAL_TIM_MspPostInit                               build/debug/stm32f4xx_hal_msp.o
                                                  build/debug/main.o
HAL_TIM_OC_ConfigChannel                          build/debug/stm32f4xx_hal_tim.o
HAL_TIM_OC_DeInit                                 build/debug/stm32f4xx_hal_tim.o
HAL_TIM_OC_DelayElapsedCallback                   build/debug/stm32f4xx_hal_tim.o
HAL_TIM_OC_GetState                               build/debug/stm32f4xx_hal_tim.o
HAL_TIM_OC_Init                                   build/debug/stm32f4xx_hal_tim.o
HAL_TIM_OC_MspDeInit                              build/debug/stm32f4xx_hal_tim.o
HAL_TIM_OC_MspInit                                build/debug/stm32f4xx_hal_tim.o
HAL_TIM_OC_Start                                  build/debug/stm32f4xx_hal_tim.o
HAL_TIM_OC_Start_DMA                              build/debug/stm32f4xx_hal_tim.o
HAL_TIM_OC_Start_IT                               build/debug/stm32f4xx_hal_tim.o
HAL_TIM_OC_Stop                                   build/debug/stm32f4xx_hal_tim.o
HAL_TIM_OC_Stop_DMA                               build/debug/stm32f4xx_hal_tim.o
HAL_TIM_OC_Stop_IT                                build/debug/stm32f4xx_hal_tim.o
HAL_TIM_OnePulse_ConfigChannel                    build/debug/stm32f4xx_hal_tim.o
HAL_TIM_OnePulse_DeInit                           build/debug/stm32f4xx_hal_tim.o
HAL_TIM_OnePulse_GetState                         build/debug/stm32f4xx_hal_tim.o
HAL_TIM_OnePulse_Init                             build/debug/stm32f4xx_hal_tim.o
HAL_TIM_OnePulse_MspDeInit                        build/debug/stm32f4xx_hal_tim.o
HAL_TIM_OnePulse_MspInit                          build/debug/stm32f4xx_hal_tim.o
HAL_TIM_OnePulse_Start                            build/debug/stm32f4xx_hal_tim.o
HAL_TIM_OnePulse_Start_IT                         build/debug/stm32f4xx_hal_tim.o
HAL_TIM_OnePulse_Stop                             build/debug/stm32f4xx_hal_tim.o
HAL_TIM_OnePulse_Stop_IT                          build/debug/stm32f4xx_hal_tim.o
HAL_TIM_PWM_ConfigChannel                         build/debug/stm32f4xx_hal_tim.o
                                                  build/debug/main.o
HAL_TIM_PWM_DeInit                                build/debug/stm32f4xx_hal_tim.o
HAL_TIM_PWM_GetState                              build/debug/stm32f4xx_hal_tim.o
HAL_TIM_PWM_Init                                  build/debug/stm32f4xx_hal_tim.o
                                                  build/debug/main.o
HAL_TIM_PWM_MspDeInit                             build/debug/stm32f4xx_hal_tim.o
HAL_TIM_PWM_MspInit                               build/debug/stm32f4xx_hal_tim.o
HAL_TIM_PWM_PulseFinishedCallback                 build/debug/stm32f4xx_hal_tim.o
                                                  build/debug/stm32f4xx_hal_tim_ex.o
HAL_TIM_PWM_PulseFinishedHalfCpltCallback         build/debug/stm32f4xx_hal_tim.o
HAL_TIM_PWM_Start                                 build/debug/stm32f4xx_hal_tim.o
                                                  build/debug/main.o
HAL_TIM_PWM_Start_DMA                             build/debug/stm32f4xx_hal_tim.o
HAL_TIM_PWM_Start_IT                              build/debug/stm32f4xx_hal_tim.o
HAL_TIM_PWM_Stop                                  build/debug/stm32f4xx_hal_tim.o
HAL_TIM_PWM_Stop_DMA                              build/debug/stm32f4xx_hal_tim.o
HAL_TIM_PWM_Stop_IT                               build/debug/stm32f4xx_hal_tim.o
HAL_TIM_PeriodElapsedCallback                     build/debug/stm32f4xx_hal_tim.o
HAL_TIM_PeriodElapsedHalfCpltCallback             build/debug/stm32f4xx_hal_tim.o
HAL_TIM_ReadCapturedValue                         build/debug/stm32f4xx_hal_tim.o
HAL_TIM_SlaveConfigSynchro                        build/debug/stm32f4xx_hal_tim.o
HAL_TIM_SlaveConfigSynchro_IT                     build/debug/stm32f4xx_hal_tim.o
HAL_TIM_TriggerCallback                           build/debug/stm32f4xx_hal_tim.o
HAL_TIM_TriggerHalfCpltCallback                   build/debug/stm32f4xx_hal_tim.o
HAL_UARTEx_GetRxEventType                         build/debug/stm32f4xx_hal_uart.o
HAL_UARTEx_ReceiveToIdle                          build/debug/stm32f4xx_hal_uart.o
HAL_UARTEx_ReceiveToIdle_DMA                      build/debug/stm32f4xx_hal_uart.o
HAL_UARTEx_ReceiveToIdle_IT                       build/debug/stm32f4xx_hal_uart.o
HAL_UARTEx_RxEventCallback                        build/debug/stm32f4xx_hal_uart.o
HAL_UART_Abort                                    build/debug/stm32f4xx_hal_uart.o
HAL_UART_AbortCpltCallback                        build/debug/stm32f4xx_hal_uart.o
HAL_UART_AbortReceive                             build/debug/stm32f4xx_hal_uart.o
HAL_UART_AbortReceiveCpltCallback                 build/debug/stm32f4xx_hal_uart.o
HAL_UART_AbortReceive_IT                          build/debug/stm32f4xx_hal_uart.o
HAL_UART_AbortTransmit                            build/debug/stm32f4xx_hal_uart.o
HAL_UART_AbortTransmitCpltCallback                build/debug/stm32f4xx_hal_uart.o
HAL_UART_AbortTransmit_IT                         build/debug/stm32f4xx_hal_uart.o
HAL_UART_Abort_IT                                 build/debug/stm32f4xx_hal_uart.o
HAL_UART_DMAPause                                 build/debug/stm32f4xx_hal_uart.o
HAL_UART_DMAResume                                build/debug/stm32f4xx_hal_uart.o
HAL_UART_DMAStop                                  build/debug/stm32f4xx_hal_uart.o
HAL_UART_DeInit                                   build/debug/stm32f4xx_hal_uart.o
HAL_UART_ErrorCallback                            build/debug/main.o
HAL_UART_GetError                                 build/debug/stm32f4xx_hal_uart.o
HAL_UART_GetState                                 build/debug/stm32f4xx_hal_uart.o
HAL_UART_IRQHandler                               build/debug/stm32f4xx_hal_uart.o
                                                  build/debug/stm32f4xx_it.o
HAL_UART_Init                                     build/debug/stm32f4xx_hal_uart.o
                                                  build/debug/main.o
HAL_UART_MspDeInit                                build/debug/stm32f4xx_hal_msp.o
HAL_UART_MspInit                                  build/debug/stm32f4xx_hal_msp.o
HAL_UART_Receive                                  build/debug/stm32f4xx_hal_uart.o
HAL_UART_Receive_DMA                              build/debug/stm32f4xx_hal_uart.o
HAL_UART_Receive_IT                               build/debug/stm32f4xx_hal_uart.o
                                                  build/debug/main.o
HAL_UART_RxCpltCallback                           build/debug/main.o
HAL_UART_RxHalfCpltCallback                       build/debug/stm32f4xx_hal_uart.o
HAL_UART_Transmit                                 build/debug/stm32f4xx_hal_uart.o
HAL_UART_Transmit_DMA                             build/debug/stm32f4xx_hal_uart.o
HAL_UART_Transmit_IT                              build/debug/stm32f4xx_hal_uart.o
HAL_UART_TxCpltCallback                           build/debug/stm32f4xx_hal_uart.o
HAL_UART_TxHalfCpltCallback                       build/debug/stm32f4xx_hal_uart.o
HardFault_Handler                                 build/debug/stm32f4xx_it.o
I2C1_ER_IRQHandler                                build/debug/startup_stm32f401xe.o
I2C1_EV_IRQHandler                                build/debug/startup_stm32f401xe.o
I2C2_ER_IRQHandler                                build/debug/startup_stm32f401xe.o
I2C2_EV_IRQHandler                                build/debug/startup_stm32f401xe.o
I2C3_ER_IRQHandler                                build/debug/startup_stm32f401xe.o
I2C3_EV_IRQHandler                                build/debug/startup_stm32f401xe.o
MemManage_Handler                                 build/debug/stm32f4xx_it.o
NMI_Handler                                       build/debug/stm32f4xx_it.o
OTG_FS_IRQHandler                                 build/debug/startup_stm32f401xe.o
OTG_FS_WKUP_IRQHandler                            build/debug/startup_stm32f401xe.o
PVD_IRQHandler                                    build/debug/startup_stm32f401xe.o
PendSV_Handler                                    build/debug/stm32f4xx_it.o
RCC_IRQHandler                                    build/debug/startup_stm32f401xe.o
RTC_Alarm_IRQHandler                              build/debug/startup_stm32f401xe.o
RTC_WKUP_IRQHandler                               build/debug/startup_stm32f401xe.o
Reset_Handler                                     build/debug/startup_stm32f401xe.o
SDIO_IRQHandler                                   build/debug/startup_stm32f401xe.o
SPI1_IRQHandler                                   build/debug/startup_stm32f401xe.o
SPI2_IRQHandler                                   build/debug/startup_stm32f401xe.o
SPI3_IRQHandler                                   build/debug/startup_stm32f401xe.o
SPI4_IRQHandler                                   build/debug/startup_stm32f401xe.o
SVC_Handler                                       build/debug/stm32f4xx_it.o
SysTick_Handler                                   build/debug/stm32f4xx_it.o
SystemClock_Config                                build/debug/main.o
SystemCoreClock                                   build/debug/system_stm32f4xx.o
                                                  build/debug/stm32f4xx_hal_rcc_ex.o
                                                  build/debug/stm32f4xx_hal_rcc.o
                                                  build/debug/stm32f4xx_hal_dma.o
                                                  build/debug/stm32f4xx_hal.o
SystemCoreClockUpdate                             build/debug/system_stm32f4xx.o
SystemInit                                        build/debug/system_stm32f4xx.o
                                                  build/debug/startup_stm32f401xe.o
TAMP_STAMP_IRQHandler                             build/debug/startup_stm32f401xe.o
TIM1_BRK_TIM9_IRQHandler                          build/debug/startup_stm32f401xe.o
TIM1_CC_IRQHandler                                build/debug/startup_stm32f401xe.o
TIM1_TRG_COM_TIM11_IRQHandler                     build/debug/startup_stm32f401xe.o
TIM1_UP_TIM10_IRQHandler                          build/debug/startup_stm32f401xe.o
TIM2_IRQHandler                                   build/debug/startup_stm32f401xe.o
TIM3_IRQHandler                                   build/debug/startup_stm32f401xe.o
TIM4_IRQHandler                                   build/debug/startup_stm32f401xe.o
TIM5_IRQHandler                                   build/debug/startup_stm32f401xe.o
TIMEx_DMACommutationCplt                          build/debug/stm32f4xx_hal_tim_ex.o
                                                  build/debug/stm32f4xx_hal_tim.o
TIMEx_DMACommutationHalfCplt                      build/debug/stm32f4xx_hal_tim_ex.o
                                                  build/debug/stm32f4xx_hal_tim.o
TIM_Base_SetConfig                                build/debug/stm32f4xx_hal_tim.o
                                                  build/debug/stm32f4xx_hal_tim_ex.o
TIM_CCxChannelCmd                                 build/debug/stm32f4xx_hal_tim.o
                                                  build/debug/stm32f4xx_hal_tim_ex.o
TIM_DMACaptureCplt                                build/debug/stm32f4xx_hal_tim.o
                                                  build/debug/stm32f4xx_hal_tim_ex.o
TIM_DMACaptureHalfCplt                            build/debug/stm32f4xx_hal_tim.o
                                                  build/debug/stm32f4xx_hal_tim_ex.o
TIM_DMADelayPulseHalfCplt                         build/debug/stm32f4xx_hal_tim.o
                                                  build/debug/stm32f4xx_hal_tim_ex.o
TIM_DMAError                                      build/debug/stm32f4xx_hal_tim.o
                                                  build/debug/stm32f4xx_hal_tim_ex.o
TIM_ETR_SetConfig                                 build/debug/stm32f4xx_hal_tim.o
TIM_OC2_SetConfig                                 build/debug/stm32f4xx_hal_tim.o
                                                  build/debug/stm32f4xx_hal_tim_ex.o
TIM_TI1_SetConfig                                 build/debug/stm32f4xx_hal_tim.o
                                                  build/debug/stm32f4xx_hal_tim_ex.o
UART_Start_Receive_DMA                            build/debug/stm32f4xx_hal_uart.o
UART_Start_Receive_IT                             build/debug/stm32f4xx_hal_uart.o
USART1_IRQHandler                                 build/debug/startup_stm32f401xe.o
USART2_IRQHandler                                 build/debug/stm32f4xx_it.o
USART6_IRQHandler                                 build/debug/startup_stm32f401xe.o
UsageFault_Handler                                build/debug/stm32f4xx_it.o
WWDG_IRQHandler                                   build/debug/startup_stm32f401xe.o
_Min_Stack_Size                                   build/debug/sysmem.o
__aeabi_idiv0                                     c:/Users/bulli/AppData/Roaming/Code/User/globalStorage/bmd.stm32-for-vscode/@xpack-dev-tools/arm-none-eabi-gcc/15.2.1-1.1.1/.content/bin/../lib/gcc/arm-none-eabi/15.2.1/thumb/v7e-m+fp/hard\libgcc.a(_dvmd_tls.o)
__aeabi_ldiv0                                     c:/Users/bulli/AppData/Roaming/Code/User/globalStorage/bmd.stm32-for-vscode/@xpack-dev-tools/arm-none-eabi-gcc/15.2.1-1.1.1/.content/bin/../lib/gcc/arm-none-eabi/15.2.1/thumb/v7e-m+fp/hard\libgcc.a(_dvmd_tls.o)
                                                  c:/Users/bulli/AppData/Roaming/Code/User/globalStorage/bmd.stm32-for-vscode/@xpack-dev-tools/arm-none-eabi-gcc/15.2.1-1.1.1/.content/bin/../lib/gcc/arm-none-eabi/15.2.1/thumb/v7e-m+fp/hard\libgcc.a(_aeabi_uldivmod.o)
__aeabi_uldivmod                                  c:/Users/bulli/AppData/Roaming/Code/User/globalStorage/bmd.stm32-for-vscode/@xpack-dev-tools/arm-none-eabi-gcc/15.2.1-1.1.1/.content/bin/../lib/gcc/arm-none-eabi/15.2.1/thumb/v7e-m+fp/hard\libgcc.a(_aeabi_uldivmod.o)
                                                  build/debug/stm32f4xx_hal_uart.o
                                                  build/debug/stm32f4xx_hal_rcc.o
__atexit                                          c:/Users/bulli/AppData/Roaming/Code/User/globalStorage/bmd.stm32-for-vscode/@xpack-dev-tools/arm-none-eabi-gcc/15.2.1-1.1.1/.content/bin/../lib/gcc/arm-none-eabi/15.2.1/../../../../arm-none-eabi/lib/thumb/v7e-m+fp/hard\libc_nano.a(libc_a-__call_atexit.o)
                                                  c:/Users/bulli/AppData/Roaming/Code/User/globalStorage/bmd.stm32-for-vscode/@xpack-dev-tools/arm-none-eabi-gcc/15.2.1-1.1.1/.content/bin/../lib/gcc/arm-none-eabi/15.2.1/../../../../arm-none-eabi/lib/thumb/v7e-m+fp/hard\libc_nano.a(libc_a-__atexit.o)
__atexit0                                         c:/Users/bulli/AppData/Roaming/Code/User/globalStorage/bmd.stm32-for-vscode/@xpack-dev-tools/arm-none-eabi-gcc/15.2.1-1.1.1/.content/bin/../lib/gcc/arm-none-eabi/15.2.1/../../../../arm-none-eabi/lib/thumb/v7e-m+fp/hard\libc_nano.a(libc_a-__atexit.o)
__atexit_dummy                                    c:/Users/bulli/AppData/Roaming/Code/User/globalStorage/bmd.stm32-for-vscode/@xpack-dev-tools/arm-none-eabi-gcc/15.2.1-1.1.1/.content/bin/../lib/gcc/arm-none-eabi/15.2.1/../../../../arm-none-eabi/lib/thumb/v7e-m+fp/hard\libc_nano.a(libc_a-__atexit.o)
__atexit_recursive_mutex                          c:/Users/bulli/AppData/Roaming/Code/User/globalStorage/bmd.stm32-for-vscode/@xpack-dev-tools/arm-none-eabi-gcc/15.2.1-1.1.1/.content/bin/../lib/gcc/arm-none-eabi/15.2.1/../../../../arm-none-eabi/lib/thumb/v7e-m+fp/hard\libc_nano.a(libc_a-__call_atexit.o)
                                                  c:/Users/bulli/AppData/Roaming/Code/User/globalStorage/bmd.stm32-for-vscode/@xpack-dev-tools/arm-none-eabi-gcc/15.2.1-1.1.1/.content/bin/../lib/gcc/arm-none-eabi/15.2.1/../../../../arm-none-eabi/lib/thumb/v7e-m+fp/hard\libc_nano.a(libc_a-__atexit.o)